Archive member included to satisfy reference by file (symbol)

.\CortexM0\ARM_GCC_541\Debug\Lab5.a(Pin_1.o)
                              .\CortexM0\ARM_GCC_541\Debug\stage_rotor.o (Pin_1_Write)
.\CortexM0\ARM_GCC_541\Debug\Lab5.a(Pin_2.o)
                              .\CortexM0\ARM_GCC_541\Debug\stage_rotor.o (Pin_2_Write)
.\CortexM0\ARM_GCC_541\Debug\Lab5.a(CyLib.o)
                              .\CortexM0\ARM_GCC_541\Debug\cyfitter_cfg.o (CyIntEnable)
.\CortexM0\ARM_GCC_541\Debug\Lab5.a(CyLFClk.o)
                              .\CortexM0\ARM_GCC_541\Debug\Lab5.a(CyLib.o) (CySysClkWcoEnabled)
.\CortexM0\ARM_GCC_541\Debug\Lab5.a(SW_4.o)
                              .\CortexM0\ARM_GCC_541\Debug\algorithm.o (SW_4_ClearInterrupt)
.\CortexM0\ARM_GCC_541\Debug\Lab5.a(SW_3.o)
                              .\CortexM0\ARM_GCC_541\Debug\algorithm.o (SW_3_ClearInterrupt)
.\CortexM0\ARM_GCC_541\Debug\Lab5.a(SW_1.o)
                              .\CortexM0\ARM_GCC_541\Debug\algorithm.o (SW_1_ClearInterrupt)
.\CortexM0\ARM_GCC_541\Debug\Lab5.a(SW_2.o)
                              .\CortexM0\ARM_GCC_541\Debug\algorithm.o (SW_2_ClearInterrupt)
.\CortexM0\ARM_GCC_541\Debug\Lab5.a(Timer.o)
                              .\CortexM0\ARM_GCC_541\Debug\algorithm.o (Timer_WritePeriod)
.\CortexM0\ARM_GCC_541\Debug\Lab5.a(Timer_Int.o)
                              .\CortexM0\ARM_GCC_541\Debug\algorithm.o (Timer_Int_StartEx)
.\CortexM0\ARM_GCC_541\Debug\Lab5.a(LCD.o)
                              .\CortexM0\ARM_GCC_541\Debug\lcd_status_rotor.o (LCD_PrintString)
.\CortexM0\ARM_GCC_541\Debug\Lab5.a(QuadDec.o)
                              .\CortexM0\ARM_GCC_541\Debug\algorithm.o (QuadDec_WriteCounter)
.\CortexM0\ARM_GCC_541\Debug\Lab5.a(SW_Int_1.o)
                              .\CortexM0\ARM_GCC_541\Debug\algorithm.o (SW_Int_1_StartEx)
.\CortexM0\ARM_GCC_541\Debug\Lab5.a(SW_Int_2.o)
                              .\CortexM0\ARM_GCC_541\Debug\algorithm.o (SW_Int_2_StartEx)
.\CortexM0\ARM_GCC_541\Debug\Lab5.a(SW_Int_3.o)
                              .\CortexM0\ARM_GCC_541\Debug\algorithm.o (SW_Int_3_StartEx)
.\CortexM0\ARM_GCC_541\Debug\Lab5.a(SW_Int_4.o)
                              .\CortexM0\ARM_GCC_541\Debug\algorithm.o (SW_Int_4_StartEx)
.\CortexM0\ARM_GCC_541\Debug\Lab5.a(Pin_3.o)
                              .\CortexM0\ARM_GCC_541\Debug\stage_rotor.o (Pin_3_Write)
.\CortexM0\ARM_GCC_541\Debug\Lab5.a(Pin_4.o)
                              .\CortexM0\ARM_GCC_541\Debug\stage_rotor.o (Pin_4_Write)
.\CortexM0\ARM_GCC_541\Debug\Lab5.a(PWM.o)
                              .\CortexM0\ARM_GCC_541\Debug\algorithm.o (PWM_WriteCompare)
.\CortexM0\ARM_GCC_541\Debug\Lab5.a(Rotor.o)
                              .\CortexM0\ARM_GCC_541\Debug\algorithm.o (Rotor_Write)
.\CortexM0\ARM_GCC_541\Debug\Lab5.a(CyBootAsmGnu.o)
                              .\CortexM0\ARM_GCC_541\Debug\Lab5.a(CyLib.o) (CyDelayCycles)
.\CortexM0\ARM_GCC_541\Debug\Lab5.a(CyFlash.o)
                              .\CortexM0\ARM_GCC_541\Debug\Lab5.a(CyLib.o) (CySysFlashSetWaitCycles)
c:/program files (x86)/cypress/psoc creator/4.2/psoc creator/import/gnu/arm/5.4.1/bin/../lib/gcc/arm-none-eabi/5.4.1/armv6-m\libgcc.a(_udivsi3.o)
                              .\CortexM0\ARM_GCC_541\Debug\Lab5.a(CyLib.o) (__aeabi_uidiv)
c:/program files (x86)/cypress/psoc creator/4.2/psoc creator/import/gnu/arm/5.4.1/bin/../lib/gcc/arm-none-eabi/5.4.1/armv6-m\libgcc.a(_divsi3.o)
                              .\CortexM0\ARM_GCC_541\Debug\Lab5.a(CyLFClk.o) (__aeabi_idiv)
c:/program files (x86)/cypress/psoc creator/4.2/psoc creator/import/gnu/arm/5.4.1/bin/../lib/gcc/arm-none-eabi/5.4.1/armv6-m\libgcc.a(_dvmd_tls.o)
                              c:/program files (x86)/cypress/psoc creator/4.2/psoc creator/import/gnu/arm/5.4.1/bin/../lib/gcc/arm-none-eabi/5.4.1/armv6-m\libgcc.a(_udivsi3.o) (__aeabi_idiv0)
c:/program files (x86)/cypress/psoc creator/4.2/psoc creator/import/gnu/arm/5.4.1/bin/../lib/gcc/arm-none-eabi/5.4.1/armv6-m\libgcc.a(_arm_cmpsf2.o)
                              .\CortexM0\ARM_GCC_541\Debug\algorithm.o (__aeabi_fcmplt)
c:/program files (x86)/cypress/psoc creator/4.2/psoc creator/import/gnu/arm/5.4.1/bin/../lib/gcc/arm-none-eabi/5.4.1/armv6-m\libgcc.a(eqsf2.o)
                              c:/program files (x86)/cypress/psoc creator/4.2/psoc creator/import/gnu/arm/5.4.1/bin/../lib/gcc/arm-none-eabi/5.4.1/armv6-m\libgcc.a(_arm_cmpsf2.o) (__eqsf2)
c:/program files (x86)/cypress/psoc creator/4.2/psoc creator/import/gnu/arm/5.4.1/bin/../lib/gcc/arm-none-eabi/5.4.1/armv6-m\libgcc.a(gesf2.o)
                              c:/program files (x86)/cypress/psoc creator/4.2/psoc creator/import/gnu/arm/5.4.1/bin/../lib/gcc/arm-none-eabi/5.4.1/armv6-m\libgcc.a(_arm_cmpsf2.o) (__gesf2)
c:/program files (x86)/cypress/psoc creator/4.2/psoc creator/import/gnu/arm/5.4.1/bin/../lib/gcc/arm-none-eabi/5.4.1/armv6-m\libgcc.a(lesf2.o)
[...]
Memory Configuration

Name             Origin             Length             Attributes
rom              0x00000000         0x00020000         xr
ram              0x20000000         0x00004000         xrw
*default*        0x00000000         0xffffffff

Linker script and memory map

LOAD c:/program files (x86)/cypress/psoc creator/4.2/psoc creator/import/gnu/arm/5.4.1/bin/../lib/gcc/arm-none-eabi/5.4.1/armv6-m/crti.o
LOAD c:/program files (x86)/cypress/psoc creator/4.2/psoc creator/import/gnu/arm/5.4.1/bin/../lib/gcc/arm-none-eabi/5.4.1/armv6-m/crtbegin.o
LOAD c:/program files (x86)/cypress/psoc creator/4.2/psoc creator/import/gnu/arm/5.4.1/bin/../lib/gcc/arm-none-eabi/5.4.1/../../../../arm-none-eabi/lib/armv6-m/crt0.o
START GROUP
LOAD .\CortexM0\ARM_GCC_541\Debug\lcd_status_rotor.o
LOAD .\CortexM0\ARM_GCC_541\Debug\algorithm.o
LOAD .\CortexM0\ARM_GCC_541\Debug\stage_rotor.o
LOAD .\CortexM0\ARM_GCC_541\Debug\main.o
LOAD .\CortexM0\ARM_GCC_541\Debug\cyfitter_cfg.o
LOAD .\CortexM0\ARM_GCC_541\Debug\cymetadata.o
LOAD .\CortexM0\ARM_GCC_541\Debug\Cm0Start.o
LOAD .\CortexM0\ARM_GCC_541\Debug\Lab5.a
END GROUP
START GROUP
LOAD c:/program files (x86)/cypress/psoc creator/4.2/psoc creator/import/gnu/arm/5.4.1/bin/../lib/gcc/arm-none-eabi/5.4.1/armv6-m\libgcc.a
LOAD c:/program files (x86)/cypress/psoc creator/4.2/psoc creator/import/gnu/arm/5.4.1/bin/../lib/gcc/arm-none-eabi/5.4.1/../../../../arm-none-eabi/lib/armv6-m\libg_nano.a
LOAD c:/program files (x86)/cypress/psoc creator/4.2/psoc creator/import/gnu/arm/5.4.1/bin/../lib/gcc/arm-none-eabi/5.4.1/../../../../arm-none-eabi/lib/armv6-m\libc_nano.a
END GROUP
START GROUP
LOAD c:/program files (x86)/cypress/psoc creator/4.2/psoc creator/import/gnu/arm/5.4.1/bin/../lib/gcc/arm-none-eabi/5.4.1/armv6-m\libgcc.a
LOAD c:/program files (x86)/cypress/psoc creator/4.2/psoc creator/import/gnu/arm/5.4.1/bin/../lib/gcc/arm-none-eabi/5.4.1/../../../../arm-none-eabi/lib/armv6-m\libc_nano.a
END GROUP
LOAD c:/program files (x86)/cypress/psoc creator/4.2/psoc creator/import/gnu/arm/5.4.1/bin/../lib/gcc/arm-none-eabi/5.4.1/armv6-m/crtend.o
LOAD c:/program files (x86)/cypress/psoc creator/4.2/psoc creator/import/gnu/arm/5.4.1/bin/../lib/gcc/arm-none-eabi/5.4.1/armv6-m/crtn.o
START GROUP
LOAD c:/program files (x86)/cypress/psoc creator/4.2/psoc creator/import/gnu/arm/5.4.1/bin/../lib/gcc/arm-none-eabi/5.4.1/armv6-m\libgcc.a
LOAD c:/program files (x86)/cypress/psoc creator/4.2/psoc creator/import/gnu/arm/5.4.1/bin/../lib/gcc/arm-none-eabi/5.4.1/../../../../arm-none-eabi/lib/armv6-m\libc.a
LOAD c:/program files (x86)/cypress/psoc creator/4.2/psoc creator/import/gnu/arm/5.4.1/bin/../lib/gcc/arm-none-eabi/5.4.1/../../../../arm-none-eabi/lib/armv6-m\libnosys.a
END GROUP
                0x00000000                CY_APPL_ORIGIN = 0x0
                0x00000080                CY_FLASH_ROW_SIZE = 0x80
                0x00000001                CY_APPL_NUM = 0x1
                0x00000001                CY_APPL_MAX = 0x1
                0x00000040                CY_METADATA_SIZE = 0x40
                0x00000000                CY_APPL_LOADABLE = 0x0
                0x00000000                CY_CHECKSUM_EXCLUDE_SIZE = ALIGN (0x0, CY_FLASH_ROW_SIZE)
                0x00000000                CY_APP_FOR_STACK_AND_COPIER = 0x0
                [!provide]                PROVIDE (__cy_heap_start, _end)
                0x00000001                PROVIDE (__cy_region_num, ((__cy_regions_end - __cy_regions) / 0x10))
                0x20004000                PROVIDE (__cy_stack, (ORIGIN (ram) + LENGTH (ram)))
                [!provide]                PROVIDE (__cy_heap_end, (__cy_stack - 0x800))

.cybootloader   0x00000000        0x0
 *(.cybootloader)
                0x00000000                appl1_start = CY_APPL_ORIGIN?CY_APPL_ORIGIN:ALIGN (CY_FLASH_ROW_SIZE)
                0x0000ff80                appl2_start = (appl1_start + ALIGN ((((LENGTH (rom) - appl1_start) - (0x2 * CY_FLASH_ROW_SIZE)) / 0x2), CY_FLASH_ROW_SIZE))
                0x00000000                appl_start = (CY_APPL_NUM == 0x1)?appl1_start:appl2_start
                0x00000001                cy_project_type_bootloader = (appl_start == 0x0)?0x1:0x0
                0x00000000                cy_project_type_app_for_stack_and_copier = (CY_APP_FOR_STACK_AND_COPIER == 0x1)?0x1:0x0

.text           0x00000000     0x1e56
 CREATE_OBJECT_SYMBOLS
                0x00000000                PROVIDE (__cy_interrupt_vector, RomVectors)
 *(.romvectors)
 .romvectors    0x00000000       0x10 .\CortexM0\ARM_GCC_541\Debug\Cm0Start.o
                0x00000000                RomVectors
                0x00000001                ASSERT ((. != __cy_interrupt_vector), No interrupt vector)
                0x00000001                ASSERT (CY_APPL_ORIGIN?(SIZEOF (.cybootloader) <= CY_APPL_ORIGIN):0x1, Wrong image location)
                0x00000010                PROVIDE (__cy_reset, Reset)
 *(.text.Reset)
 .text.Reset    0x00000010        0x8 .\CortexM0\ARM_GCC_541\Debug\Cm0Start.o
                0x00000010                Reset
                0x00000001                ASSERT ((. != __cy_reset), No reset code)
 *(.psocinit)
 .psocinit      0x00000018      0x25c .\CortexM0\ARM_GCC_541\Debug\cyfitter_cfg.o
                0x00000138                cyfitter_cfg
                0x00000274                . = MAX (., 0x100)
 *(.text .text.* .gnu.linkonce.t.*)
 .text          0x00000274       0x60 c:/program files (x86)/cypress/psoc creator/4.2/psoc creator/import/gnu/arm/5.4.1/bin/../lib/gcc/arm-none-eabi/5.4.1/armv6-m/crtbegin.o
 .text.lcd_show_rotor_direction
                0x000002d4       0x5c .\CortexM0\ARM_GCC_541\Debug\lcd_status_rotor.o
                0x000002d4                lcd_show_rotor_direction
 .text.switch_direction
                0x00000330       0x38 .\CortexM0\ARM_GCC_541\Debug\lcd_status_rotor.o
                0x00000330                switch_direction
 .text.Timer_Handler
                0x00000368       0x24 .\CortexM0\ARM_GCC_541\Debug\algorithm.o
                0x00000368                Timer_Handler
 .text.SW_1_Handler
                0x0000038c       0x18 .\CortexM0\ARM_GCC_541\Debug\algorithm.o
                0x0000038c                SW_1_Handler
 .text.SW_2_Handler
                0x000003a4       0x14 .\CortexM0\ARM_GCC_541\Debug\algorithm.o
                0x000003a4                SW_2_Handler
 .text.SW_3_Handler
                0x000003b8       0x20 .\CortexM0\ARM_GCC_541\Debug\algorithm.o
                0x000003b8                SW_3_Handler
 .text.SW_4_Handler
                0x000003d8       0x20 .\CortexM0\ARM_GCC_541\Debug\algorithm.o
                0x000003d8                SW_4_Handler
 .text.algorithm_init
                0x000003f8       0x40 .\CortexM0\ARM_GCC_541\Debug\algorithm.o
                0x000003f8                algorithm_init
 .text.encoder_start
                0x00000438       0x10 .\CortexM0\ARM_GCC_541\Debug\algorithm.o
                0x00000438                encoder_start
 .text.set_pwm  0x00000448       0x40 .\CortexM0\ARM_GCC_541\Debug\algorithm.o
                0x00000448                set_pwm
 .text.back_forward_movement
                0x00000488       0x60 .\CortexM0\ARM_GCC_541\Debug\algorithm.o
                0x00000488                back_forward_movement
 .text.algorithm_work_rotor
                0x000004e8       0x20 .\CortexM0\ARM_GCC_541\Debug\algorithm.o
                0x000004e8                algorithm_work_rotor
 .text.main     0x00000508       0x1c .\CortexM0\ARM_GCC_541\Debug\main.o
                0x00000508                main
 .text.cfg_write_bytes32
                0x00000524       0x34 .\CortexM0\ARM_GCC_541\Debug\cyfitter_cfg.o
 .text.AnalogSetDefault
                0x00000558       0x20 .\CortexM0\ARM_GCC_541\Debug\cyfitter_cfg.o
 .text.CYMEMZERO
                0x00000578        0xc .\CortexM0\ARM_GCC_541\Debug\cyfitter_cfg.o
 .text.IntDefaultHandler
                0x00000584       0x10 .\CortexM0\ARM_GCC_541\Debug\Cm0Start.o
                0x00000584                IntDefaultHandler
 .text._sbrk    0x00000594       0x30 .\CortexM0\ARM_GCC_541\Debug\Cm0Start.o
                0x00000594                _sbrk
 .text.Start_c  0x000005c4       0x48 .\CortexM0\ARM_GCC_541\Debug\Cm0Start.o
                0x000005c4                Start_c
 .text.initialize_psoc
                0x0000060c       0x4c .\CortexM0\ARM_GCC_541\Debug\Cm0Start.o
                0x0000060c                initialize_psoc
 .text.CySysClkImoDisableWcoLock
                0x00000658       0x54 .\CortexM0\ARM_GCC_541\Debug\Lab5.a(CyLib.o)
                0x00000658                CySysClkImoDisableWcoLock
 .text.CySysClkImoGetWcoLock
                0x000006ac       0x14 .\CortexM0\ARM_GCC_541\Debug\Lab5.a(CyLib.o)
                0x000006ac                CySysClkImoGetWcoLock
 .text.CyIntEnable
                0x000006c0       0x14 .\CortexM0\ARM_GCC_541\Debug\Lab5.a(CyLib.o)
                0x000006c0                CyIntEnable
 .text.CyHalt   0x000006d4        0x4 .\CortexM0\ARM_GCC_541\Debug\Lab5.a(CyLib.o)
                0x000006d4                CyHalt
 .text.CyIntSetVector
                0x000006d8       0x24 .\CortexM0\ARM_GCC_541\Debug\Lab5.a(CyLib.o)
                0x000006d8                CyIntSetVector
 .text.CyDelay  0x000006fc       0x30 .\CortexM0\ARM_GCC_541\Debug\Lab5.a(CyLib.o)
                0x000006fc                CyDelay
 .text.CySysClkImoEnableWcoLock
                0x0000072c       0xf4 .\CortexM0\ARM_GCC_541\Debug\Lab5.a(CyLib.o)
                0x0000072c                CySysClkImoEnableWcoLock
 .text.CySysClkWriteImoFreq
                0x00000820       0x80 .\CortexM0\ARM_GCC_541\Debug\Lab5.a(CyLib.o)
                0x00000820                CySysClkWriteImoFreq
 .text.CyDelayUs
                0x000008a0       0x14 .\CortexM0\ARM_GCC_541\Debug\Lab5.a(CyLib.o)
                0x000008a0                CyDelayUs
 .text.CySysWdtLocked
                0x000008b4       0x14 .\CortexM0\ARM_GCC_541\Debug\Lab5.a(CyLFClk.o)
 .text.CySysClkWcoEnabled
                0x000008c8       0x14 .\CortexM0\ARM_GCC_541\Debug\Lab5.a(CyLFClk.o)
                0x000008c8                CySysClkWcoEnabled
 .text.CySysWdtLock
                0x000008dc       0x1c .\CortexM0\ARM_GCC_541\Debug\Lab5.a(CyLFClk.o)
                0x000008dc                CySysWdtLock
 .text.CySysWdtUnlock
                0x000008f8       0x30 .\CortexM0\ARM_GCC_541\Debug\Lab5.a(CyLFClk.o)
                0x000008f8                CySysWdtUnlock
 .text.CySysWdtClearInterrupt
                0x00000928       0x4c .\CortexM0\ARM_GCC_541\Debug\Lab5.a(CyLFClk.o)
                0x00000928                CySysWdtClearInterrupt
 .text.CySysWdtIsr
                0x00000974       0xa4 .\CortexM0\ARM_GCC_541\Debug\Lab5.a(CyLFClk.o)
                0x00000974                CySysWdtIsr
 .text.SW_4_ClearInterrupt
                0x00000a18       0x14 .\CortexM0\ARM_GCC_541\Debug\Lab5.a(SW_4.o)
                0x00000a18                SW_4_ClearInterrupt
 .text.SW_3_ClearInterrupt
                0x00000a2c       0x14 .\CortexM0\ARM_GCC_541\Debug\Lab5.a(SW_3.o)
                0x00000a2c                SW_3_ClearInterrupt
 .text.SW_1_ClearInterrupt
                0x00000a40       0x14 .\CortexM0\ARM_GCC_541\Debug\Lab5.a(SW_1.o)
                0x00000a40                SW_1_ClearInterrupt
 .text.SW_2_ClearInterrupt
                0x00000a54       0x14 .\CortexM0\ARM_GCC_541\Debug\Lab5.a(SW_2.o)
                0x00000a54                SW_2_ClearInterrupt
 .text.Timer_WriteCounter
                0x00000a68       0x10 .\CortexM0\ARM_GCC_541\Debug\Lab5.a(Timer.o)
                0x00000a68                Timer_WriteCounter
 .text.Timer_WritePeriod
                0x00000a78       0x10 .\CortexM0\ARM_GCC_541\Debug\Lab5.a(Timer.o)
                0x00000a78                Timer_WritePeriod
 .text.Timer_TriggerCommand
                0x00000a88       0x1c .\CortexM0\ARM_GCC_541\Debug\Lab5.a(Timer.o)
                0x00000a88                Timer_TriggerCommand
 .text.Timer_Enable
                0x00000aa4       0x24 .\CortexM0\ARM_GCC_541\Debug\Lab5.a(Timer.o)
                0x00000aa4                Timer_Enable
 .text.Timer_SetInterruptMode
                0x00000ac8        0xc .\CortexM0\ARM_GCC_541\Debug\Lab5.a(Timer.o)
                0x00000ac8                Timer_SetInterruptMode
 .text.Timer_Init
                0x00000ad4       0x30 .\CortexM0\ARM_GCC_541\Debug\Lab5.a(Timer.o)
                0x00000ad4                Timer_Init
 .text.Timer_Start
                0x00000b04       0x20 .\CortexM0\ARM_GCC_541\Debug\Lab5.a(Timer.o)
                0x00000b04                Timer_Start
 .text.Timer_ClearInterrupt
                0x00000b24        0xc .\CortexM0\ARM_GCC_541\Debug\Lab5.a(Timer.o)
                0x00000b24                Timer_ClearInterrupt
 .text.Timer_Int_SetVector
                0x00000b30        0xc .\CortexM0\ARM_GCC_541\Debug\Lab5.a(Timer_Int.o)
                0x00000b30                Timer_Int_SetVector
 .text.Timer_Int_SetPriority
                0x00000b3c       0x24 .\CortexM0\ARM_GCC_541\Debug\Lab5.a(Timer_Int.o)
                0x00000b3c                Timer_Int_SetPriority
 .text.Timer_Int_Enable
                0x00000b60       0x10 .\CortexM0\ARM_GCC_541\Debug\Lab5.a(Timer_Int.o)
                0x00000b60                Timer_Int_Enable
 .text.Timer_Int_Disable
                0x00000b70       0x10 .\CortexM0\ARM_GCC_541\Debug\Lab5.a(Timer_Int.o)
                0x00000b70                Timer_Int_Disable
 .text.Timer_Int_StartEx
                0x00000b80       0x1c .\CortexM0\ARM_GCC_541\Debug\Lab5.a(Timer_Int.o)
                0x00000b80                Timer_Int_StartEx
 .text.LCD_WrCntrlNib
                0x00000b9c       0x34 .\CortexM0\ARM_GCC_541\Debug\Lab5.a(LCD.o)
 .text.LCD_WrDatNib
                0x00000bd0       0x44 .\CortexM0\ARM_GCC_541\Debug\Lab5.a(LCD.o)
 .text.LCD_IsReady
                0x00000c14       0xb4 .\CortexM0\ARM_GCC_541\Debug\Lab5.a(LCD.o)
                0x00000c14                LCD_IsReady
 .text.LCD_WriteData
                0x00000cc8       0x18 .\CortexM0\ARM_GCC_541\Debug\Lab5.a(LCD.o)
                0x00000cc8                LCD_WriteData
 .text.LCD_PrintString
                0x00000ce0       0x1c .\CortexM0\ARM_GCC_541\Debug\Lab5.a(LCD.o)
                0x00000ce0                LCD_PrintString
 .text.LCD_WriteControl
                0x00000cfc       0x18 .\CortexM0\ARM_GCC_541\Debug\Lab5.a(LCD.o)
                0x00000cfc                LCD_WriteControl
 .text.LCD_Init
                0x00000d14       0x6c .\CortexM0\ARM_GCC_541\Debug\Lab5.a(LCD.o)
                0x00000d14                LCD_Init
 .text.LCD_Enable
                0x00000d80       0x14 .\CortexM0\ARM_GCC_541\Debug\Lab5.a(LCD.o)
                0x00000d80                LCD_Enable
 .text.LCD_Start
                0x00000d94       0x20 .\CortexM0\ARM_GCC_541\Debug\Lab5.a(LCD.o)
                0x00000d94                LCD_Start
 .text.LCD_Position
                0x00000db4       0x3c .\CortexM0\ARM_GCC_541\Debug\Lab5.a(LCD.o)
                0x00000db4                LCD_Position
 .text.QuadDec_WriteCounter
                0x00000df0       0x10 .\CortexM0\ARM_GCC_541\Debug\Lab5.a(QuadDec.o)
                0x00000df0                QuadDec_WriteCounter
 .text.QuadDec_ReadCounter
                0x00000e00       0x10 .\CortexM0\ARM_GCC_541\Debug\Lab5.a(QuadDec.o)
                0x00000e00                QuadDec_ReadCounter
 .text.QuadDec_SetCounterMode
                0x00000e10       0x28 .\CortexM0\ARM_GCC_541\Debug\Lab5.a(QuadDec.o)
                0x00000e10                QuadDec_SetCounterMode
 .text.QuadDec_WritePeriod
                0x00000e38       0x10 .\CortexM0\ARM_GCC_541\Debug\Lab5.a(QuadDec.o)
                0x00000e38                QuadDec_WritePeriod
 .text.QuadDec_TriggerCommand
                0x00000e48       0x1c .\CortexM0\ARM_GCC_541\Debug\Lab5.a(QuadDec.o)
                0x00000e48                QuadDec_TriggerCommand
 .text.QuadDec_Enable
                0x00000e64       0x24 .\CortexM0\ARM_GCC_541\Debug\Lab5.a(QuadDec.o)
                0x00000e64                QuadDec_Enable
 .text.QuadDec_SetInterruptMode
                0x00000e88        0xc .\CortexM0\ARM_GCC_541\Debug\Lab5.a(QuadDec.o)
                0x00000e88                QuadDec_SetInterruptMode
 .text.QuadDec_Init
                0x00000e94       0x3c .\CortexM0\ARM_GCC_541\Debug\Lab5.a(QuadDec.o)
                0x00000e94                QuadDec_Init
 .text.QuadDec_Start
                0x00000ed0       0x20 .\CortexM0\ARM_GCC_541\Debug\Lab5.a(QuadDec.o)
                0x00000ed0                QuadDec_Start
 .text.SW_Int_1_SetVector
                0x00000ef0        0xc .\CortexM0\ARM_GCC_541\Debug\Lab5.a(SW_Int_1.o)
                0x00000ef0                SW_Int_1_SetVector
 .text.SW_Int_1_SetPriority
                0x00000efc       0x20 .\CortexM0\ARM_GCC_541\Debug\Lab5.a(SW_Int_1.o)
                0x00000efc                SW_Int_1_SetPriority
 .text.SW_Int_1_Enable
                0x00000f1c        0xc .\CortexM0\ARM_GCC_541\Debug\Lab5.a(SW_Int_1.o)
                0x00000f1c                SW_Int_1_Enable
 .text.SW_Int_1_Disable
                0x00000f28        0xc .\CortexM0\ARM_GCC_541\Debug\Lab5.a(SW_Int_1.o)
                0x00000f28                SW_Int_1_Disable
 .text.SW_Int_1_StartEx
                0x00000f34       0x1c .\CortexM0\ARM_GCC_541\Debug\Lab5.a(SW_Int_1.o)
                0x00000f34                SW_Int_1_StartEx
 .text.SW_Int_2_SetVector
                0x00000f50        0xc .\CortexM0\ARM_GCC_541\Debug\Lab5.a(SW_Int_2.o)
                0x00000f50                SW_Int_2_SetVector
 .text.SW_Int_2_SetPriority
                0x00000f5c       0x24 .\CortexM0\ARM_GCC_541\Debug\Lab5.a(SW_Int_2.o)
                0x00000f5c                SW_Int_2_SetPriority
 .text.SW_Int_2_Enable
                0x00000f80        0xc .\CortexM0\ARM_GCC_541\Debug\Lab5.a(SW_Int_2.o)
                0x00000f80                SW_Int_2_Enable
 .text.SW_Int_2_Disable
                0x00000f8c        0xc .\CortexM0\ARM_GCC_541\Debug\Lab5.a(SW_Int_2.o)
                0x00000f8c                SW_Int_2_Disable
 .text.SW_Int_2_StartEx
                0x00000f98       0x1c .\CortexM0\ARM_GCC_541\Debug\Lab5.a(SW_Int_2.o)
                0x00000f98                SW_Int_2_StartEx
 .text.SW_Int_3_SetVector
                0x00000fb4        0xc .\CortexM0\ARM_GCC_541\Debug\Lab5.a(SW_Int_3.o)
                0x00000fb4                SW_Int_3_SetVector
 .text.SW_Int_3_SetPriority
                0x00000fc0       0x24 .\CortexM0\ARM_GCC_541\Debug\Lab5.a(SW_Int_3.o)
                0x00000fc0                SW_Int_3_SetPriority
 .text.SW_Int_3_Enable
                0x00000fe4        0xc .\CortexM0\ARM_GCC_541\Debug\Lab5.a(SW_Int_3.o)
                0x00000fe4                SW_Int_3_Enable
 .text.SW_Int_3_Disable
                0x00000ff0        0xc .\CortexM0\ARM_GCC_541\Debug\Lab5.a(SW_Int_3.o)
                0x00000ff0                SW_Int_3_Disable
 .text.SW_Int_3_StartEx
                0x00000ffc       0x1c .\CortexM0\ARM_GCC_541\Debug\Lab5.a(SW_Int_3.o)
                0x00000ffc                SW_Int_3_StartEx
 .text.SW_Int_4_SetVector
                0x00001018        0xc .\CortexM0\ARM_GCC_541\Debug\Lab5.a(SW_Int_4.o)
                0x00001018                SW_Int_4_SetVector
 .text.SW_Int_4_SetPriority
                0x00001024       0x20 .\CortexM0\ARM_GCC_541\Debug\Lab5.a(SW_Int_4.o)
                0x00001024                SW_Int_4_SetPriority
 .text.SW_Int_4_Enable
                0x00001044        0xc .\CortexM0\ARM_GCC_541\Debug\Lab5.a(SW_Int_4.o)
                0x00001044                SW_Int_4_Enable
 .text.SW_Int_4_Disable
                0x00001050        0xc .\CortexM0\ARM_GCC_541\Debug\Lab5.a(SW_Int_4.o)
                0x00001050                SW_Int_4_Disable
 .text.SW_Int_4_StartEx
                0x0000105c       0x1c .\CortexM0\ARM_GCC_541\Debug\Lab5.a(SW_Int_4.o)
                0x0000105c                SW_Int_4_StartEx
 .text.PWM_WriteCounter
                0x00001078       0x10 .\CortexM0\ARM_GCC_541\Debug\Lab5.a(PWM.o)
                0x00001078                PWM_WriteCounter
 .text.PWM_WritePeriod
                0x00001088       0x10 .\CortexM0\ARM_GCC_541\Debug\Lab5.a(PWM.o)
                0x00001088                PWM_WritePeriod
 .text.PWM_WriteCompare
                0x00001098       0x10 .\CortexM0\ARM_GCC_541\Debug\Lab5.a(PWM.o)
                0x00001098                PWM_WriteCompare
 .text.PWM_TriggerCommand
                0x000010a8       0x1c .\CortexM0\ARM_GCC_541\Debug\Lab5.a(PWM.o)
                0x000010a8                PWM_TriggerCommand
 .text.PWM_Enable
                0x000010c4       0x24 .\CortexM0\ARM_GCC_541\Debug\Lab5.a(PWM.o)
                0x000010c4                PWM_Enable
 .text.PWM_SetInterruptMode
                0x000010e8        0xc .\CortexM0\ARM_GCC_541\Debug\Lab5.a(PWM.o)
                0x000010e8                PWM_SetInterruptMode
 .text.PWM_Init
                0x000010f4       0x44 .\CortexM0\ARM_GCC_541\Debug\Lab5.a(PWM.o)
                0x000010f4                PWM_Init
 .text.PWM_Start
                0x00001138       0x20 .\CortexM0\ARM_GCC_541\Debug\Lab5.a(PWM.o)
                0x00001138                PWM_Start
 .text.Rotor_Write
                0x00001158        0xc .\CortexM0\ARM_GCC_541\Debug\Lab5.a(Rotor.o)
                0x00001158                Rotor_Write
 *fill*         0x00001164        0x4 
 .text          0x00001168       0x20 .\CortexM0\ARM_GCC_541\Debug\Lab5.a(CyBootAsmGnu.o)
                0x00001168                CyDelayCycles
                0x0000117a                CyEnterCriticalSection
                0x00001182                CyExitCriticalSection
 .text.CySysFlashSetWaitCycles
                0x00001188       0x54 .\CortexM0\ARM_GCC_541\Debug\Lab5.a(CyFlash.o)
                0x00001188                CySysFlashSetWaitCycles
 .text          0x000011dc      0x114 c:/program files (x86)/cypress/psoc creator/4.2/psoc creator/import/gnu/arm/5.4.1/bin/../lib/gcc/arm-none-eabi/5.4.1/armv6-m\libgcc.a(_udivsi3.o)
                0x000011dc                __aeabi_uidiv
                0x000011dc                __udivsi3
                0x000012e8                __aeabi_uidivmod
 .text          0x000012f0        0x4 c:/program files (x86)/cypress/psoc creator/4.2/psoc creator/import/gnu/arm/5.4.1/bin/../lib/gcc/arm-none-eabi/5.4.1/armv6-m\libgcc.a(_dvmd_tls.o)
                0x000012f0                __aeabi_idiv0
                0x000012f0                __aeabi_ldiv0
 .text          0x000012f4       0x74 c:/program files (x86)/cypress/psoc creator/4.2/psoc creator/import/gnu/arm/5.4.1/bin/../lib/gcc/arm-none-eabi/5.4.1/armv6-m\libgcc.a(_arm_cmpsf2.o)
                0x000012f4                __aeabi_cfrcmple
                0x000012fc                __aeabi_cfcmpeq
                0x000012fc                __aeabi_cfcmple
                0x0000130c                __aeabi_fcmpeq
                0x00001318                __aeabi_fcmplt
                0x0000132c                __aeabi_fcmple
                0x00001340                __aeabi_fcmpgt
                0x00001354                __aeabi_fcmpge
 .text          0x00001368       0x50 c:/program files (x86)/cypress/psoc creator/4.2/psoc creator/import/gnu/arm/5.4.1/bin/../lib/gcc/arm-none-eabi/5.4.1/armv6-m\libgcc.a(eqsf2.o)
                0x00001368                __eqsf2
                0x00001368                __nesf2
 .text          0x000013b8       0x88 c:/program files (x86)/cypress/psoc creator/4.2/psoc creator/import/gnu/arm/5.4.1/bin/../lib/gcc/arm-none-eabi/5.4.1/armv6-m\libgcc.a(gesf2.o)
                0x000013b8                __gesf2
                0x000013b8                __gtsf2
 .text          0x00001440       0x88 c:/program files (x86)/cypress/psoc creator/4.2/psoc creator/import/gnu/arm/5.4.1/bin/../lib/gcc/arm-none-eabi/5.4.1/armv6-m\libgcc.a(lesf2.o)
                0x00001440                __ltsf2
                0x00001440                __lesf2
 .text          0x000014c8       0x90 c:/program files (x86)/cypress/psoc creator/4.2/psoc creator/import/gnu/arm/5.4.1/bin/../lib/gcc/arm-none-eabi/5.4.1/armv6-m\libgcc.a(floatsisf.o)
                0x000014c8                __aeabi_i2f
 .text          0x00001558       0x3c c:/program files (x86)/cypress/psoc creator/4.2/psoc creator/import/gnu/arm/5.4.1/bin/../lib/gcc/arm-none-eabi/5.4.1/armv6-m\libgcc.a(_clzsi2.o)
                0x00001558                __clzsi2
 .text.__errno  0x00001594        0xc c:/program files (x86)/cypress/psoc creator/4.2/psoc creator/import/gnu/arm/5.4.1/bin/../lib/gcc/arm-none-eabi/5.4.1/../../../../arm-none-eabi/lib/armv6-m\libg_nano.a(lib_a-errno.o)
                0x00001594                __errno
 .text.__libc_init_array
                0x000015a0       0x4c c:/program files (x86)/cypress/psoc creator/4.2/psoc creator/import/gnu/arm/5.4.1/bin/../lib/gcc/arm-none-eabi/5.4.1/../../../../arm-none-eabi/lib/armv6-m\libg_nano.a(lib_a-init.o)
                0x000015a0                __libc_init_array
 .text.memcpy   0x000015ec       0x12 c:/program files (x86)/cypress/psoc creator/4.2/psoc creator/import/gnu/arm/5.4.1/bin/../lib/gcc/arm-none-eabi/5.4.1/../../../../arm-none-eabi/lib/armv6-m\libg_nano.a(lib_a-memcpy-stub.o)
                0x000015ec                memcpy
 .text.memset   0x000015fe       0x10 c:/program files (x86)/cypress/psoc creator/4.2/psoc creator/import/gnu/arm/5.4.1/bin/../lib/gcc/arm-none-eabi/5.4.1/../../../../arm-none-eabi/lib/armv6-m\libg_nano.a(lib_a-memset.o)
                0x000015fe                memset
 *fill*         0x0000160e        0x2 
 .text.sprintf  0x00001610       0x44 c:/program files (x86)/cypress/psoc creator/4.2/psoc creator/import/gnu/arm/5.4.1/bin/../lib/gcc/arm-none-eabi/5.4.1/../../../../arm-none-eabi/lib/armv6-m\libg_nano.a(lib_a-sprintf.o)
                0x00001610                siprintf
                0x00001610                sprintf
 .text.__ssputs_r
                0x00001654       0xc4 c:/program files (x86)/cypress/psoc creator/4.2/psoc creator/import/gnu/arm/5.4.1/bin/../lib/gcc/arm-none-eabi/5.4.1/../../../../arm-none-eabi/lib/armv6-m\libg_nano.a(lib_a-nano-svfprintf.o)
                0x00001654                __ssputs_r
 .text._svfprintf_r
                0x00001718      0x1fc c:/program files (x86)/cypress/psoc creator/4.2/psoc creator/import/gnu/arm/5.4.1/bin/../lib/gcc/arm-none-eabi/5.4.1/../../../../arm-none-eabi/lib/armv6-m\libg_nano.a(lib_a-nano-svfprintf.o)
                0x00001718                _svfiprintf_r
                0x00001718                _svfprintf_r
 .text._printf_common
                0x00001914       0xdc c:/program files (x86)/cypress/psoc creator/4.2/psoc creator/import/gnu/arm/5.4.1/bin/../lib/gcc/arm-none-eabi/5.4.1/../../../../arm-none-eabi/lib/armv6-m\libg_nano.a(lib_a-nano-vfprintf_i.o)
                0x00001914                _printf_common
 .text._printf_i
                0x000019f0      0x244 c:/program files (x86)/cypress/psoc creator/4.2/psoc creator/import/gnu/arm/5.4.1/bin/../lib/gcc/arm-none-eabi/5.4.1/../../../../arm-none-eabi/lib/armv6-m\libg_nano.a(lib_a-nano-vfprintf_i.o)
                0x000019f0                _printf_i
 .text.memchr   0x00001c34       0x16 c:/program files (x86)/cypress/psoc creator/4.2/psoc creator/import/gnu/arm/5.4.1/bin/../lib/gcc/arm-none-eabi/5.4.1/../../../../arm-none-eabi/lib/armv6-m\libg_nano.a(lib_a-memchr-stub.o)
                0x00001c34                memchr
 .text.memmove  0x00001c4a       0x2a c:/program files (x86)/cypress/psoc creator/4.2/psoc creator/import/gnu/arm/5.4.1/bin/../lib/gcc/arm-none-eabi/5.4.1/../../../../arm-none-eabi/lib/armv6-m\libg_nano.a(lib_a-memmove.o)
                0x00001c4a                memmove
 .text._free_r  0x00001c74       0x98 c:/program files (x86)/cypress/psoc creator/4.2/psoc creator/import/gnu/arm/5.4.1/bin/../lib/gcc/arm-none-eabi/5.4.1/../../../../arm-none-eabi/lib/armv6-m\libg_nano.a(lib_a-nano-freer.o)
                0x00001c74                _free_r
 .text._malloc_r
                0x00001d0c       0xc0 c:/program files (x86)/cypress/psoc creator/4.2/psoc creator/import/gnu/arm/5.4.1/bin/../lib/gcc/arm-none-eabi/5.4.1/../../../../arm-none-eabi/lib/armv6-m\libg_nano.a(lib_a-nano-mallocr.o)
                0x00001d0c                _malloc_r
 .text._realloc_r
                0x00001dcc       0x4c c:/program files (x86)/cypress/psoc creator/4.2/psoc creator/import/gnu/arm/5.4.1/bin/../lib/gcc/arm-none-eabi/5.4.1/../../../../arm-none-eabi/lib/armv6-m\libg_nano.a(lib_a-nano-reallocr.o)
                0x00001dcc                _realloc_r
 .text._sbrk_r  0x00001e18       0x24 c:/program files (x86)/cypress/psoc creator/4.2/psoc creator/import/gnu/arm/5.4.1/bin/../lib/gcc/arm-none-eabi/5.4.1/../../../../arm-none-eabi/lib/armv6-m\libg_nano.a(lib_a-sbrkr.o)
                0x00001e18                _sbrk_r
 .text.__malloc_lock
                0x00001e3c        0x2 c:/program files (x86)/cypress/psoc creator/4.2/psoc creator/import/gnu/arm/5.4.1/bin/../lib/gcc/arm-none-eabi/5.4.1/../../../../arm-none-eabi/lib/armv6-m\libg_nano.a(lib_a-mlock.o)
                0x00001e3c                __malloc_lock
 .text.__malloc_unlock
                0x00001e3e        0x2 c:/program files (x86)/cypress/psoc creator/4.2/psoc creator/import/gnu/arm/5.4.1/bin/../lib/gcc/arm-none-eabi/5.4.1/../../../../arm-none-eabi/lib/armv6-m\libg_nano.a(lib_a-mlock.o)
                0x00001e3e                __malloc_unlock
 .text._malloc_usable_size_r
                0x00001e40       0x16 c:/program files (x86)/cypress/psoc creator/4.2/psoc creator/import/gnu/arm/5.4.1/bin/../lib/gcc/arm-none-eabi/5.4.1/../../../../arm-none-eabi/lib/armv6-m\libg_nano.a(lib_a-nano-msizer.o)
                0x00001e40                _malloc_usable_size_r
 *(.plt)
 *(.gnu.warning)
 *(.glue_7t)
 .glue_7t       0x00001e56        0x0 linker stubs
 *(.glue_7)
 .glue_7        0x00001e56        0x0 linker stubs
 *(.vfp11_veneer)
 .vfp11_veneer  0x00001e56        0x0 linker stubs
 *(.bootloader)
 *(.ARM.extab* .gnu.linkonce.armextab.*)
 *(.gcc_except_table)

.v4_bx          0x00001e58        0x0
 .v4_bx         0x00001e58        0x0 linker stubs

.iplt           0x00001e58        0x0
 .iplt          0x00001e58        0x0 c:/program files (x86)/cypress/psoc creator/4.2/psoc creator/import/gnu/arm/5.4.1/bin/../lib/gcc/arm-none-eabi/5.4.1/armv6-m/crtbegin.o

.eh_frame_hdr
 *(.eh_frame_hdr)

.eh_frame       0x00001e58        0x4
 *(.eh_frame)
 .eh_frame      0x00001e58        0x0 c:/program files (x86)/cypress/psoc creator/4.2/psoc creator/import/gnu/arm/5.4.1/bin/../lib/gcc/arm-none-eabi/5.4.1/armv6-m/crtbegin.o
 .eh_frame      0x00001e58        0x4 c:/program files (x86)/cypress/psoc creator/4.2/psoc creator/import/gnu/arm/5.4.1/bin/../lib/gcc/arm-none-eabi/5.4.1/armv6-m/crtend.o
                [!provide]                PROVIDE (__exidx_start, .)

.ARM.exidx
 *(.ARM.exidx* .gnu.linkonce.armexidx.*)
                0x00001e5c                __exidx_end = .

.rodata         0x00001e5c      0x20c
 *(.rodata .rodata.* .gnu.linkonce.r.*)
 .rodata.str1.4
                0x00001e5c       0x18 .\CortexM0\ARM_GCC_541\Debug\lcd_status_rotor.o
                                 0x15 (size before relaxing)
 .rodata        0x00001e74      0x158 .\CortexM0\ARM_GCC_541\Debug\cyfitter_cfg.o
 .rodata        0x00001fcc       0x2e .\CortexM0\ARM_GCC_541\Debug\Lab5.a(CyLib.o)
                0x00001fcc                cyImoFreqMhz2Reg
 .rodata.str1.1
                0x00001ffa        0x2 c:/program files (x86)/cypress/psoc creator/4.2/psoc creator/import/gnu/arm/5.4.1/bin/../lib/gcc/arm-none-eabi/5.4.1/../../../../arm-none-eabi/lib/armv6-m\libg_nano.a(lib_a-impure.o)
 .rodata.str1.1
                0x00001ffc       0x11 c:/program files (x86)/cypress/psoc creator/4.2/psoc creator/import/gnu/arm/5.4.1/bin/../lib/gcc/arm-none-eabi/5.4.1/../../../../arm-none-eabi/lib/armv6-m\libg_nano.a(lib_a-nano-svfprintf.o)
 .rodata.str1.1
                0x0000200d       0x22 c:/program files (x86)/cypress/psoc creator/4.2/psoc creator/import/gnu/arm/5.4.1/bin/../lib/gcc/arm-none-eabi/5.4.1/../../../../arm-none-eabi/lib/armv6-m\libg_nano.a(lib_a-nano-vfprintf_i.o)
                0x00002030                . = ALIGN (0x4)
 *fill*         0x0000202f        0x1 
 *(.init)
 .init          0x00002030        0x4 c:/program files (x86)/cypress/psoc creator/4.2/psoc creator/import/gnu/arm/5.4.1/bin/../lib/gcc/arm-none-eabi/5.4.1/armv6-m/crti.o
                0x00002030                _init
 .init          0x00002034        0x8 c:/program files (x86)/cypress/psoc creator/4.2/psoc creator/import/gnu/arm/5.4.1/bin/../lib/gcc/arm-none-eabi/5.4.1/armv6-m/crtn.o
                0x0000203c                . = ALIGN (0x4)
                0x0000203c                __preinit_array_start = .
 *(.preinit_array)
                0x0000203c                __preinit_array_end = .
                0x0000203c                . = ALIGN (0x4)
                0x0000203c                __init_array_start = .
 *(SORT(.init_array.*))
 *(.init_array)
 .init_array    0x0000203c        0x4 c:/program files (x86)/cypress/psoc creator/4.2/psoc creator/import/gnu/arm/5.4.1/bin/../lib/gcc/arm-none-eabi/5.4.1/armv6-m/crtbegin.o
 .init_array    0x00002040        0x4 .\CortexM0\ARM_GCC_541\Debug\Cm0Start.o
                0x00002044                __init_array_end = .
                0x00002044                . = ALIGN (0x4)
 *(.fini)
 .fini          0x00002044        0x4 c:/program files (x86)/cypress/psoc creator/4.2/psoc creator/import/gnu/arm/5.4.1/bin/../lib/gcc/arm-none-eabi/5.4.1/armv6-m/crti.o
                0x00002044                _fini
 .fini          0x00002048        0x8 c:/program files (x86)/cypress/psoc creator/4.2/psoc creator/import/gnu/arm/5.4.1/bin/../lib/gcc/arm-none-eabi/5.4.1/armv6-m/crtn.o
                0x00002050                . = ALIGN (0x4)
                0x00002050                __fini_array_start = .
 *(.fini_array)
 .fini_array    0x00002050        0x4 c:/program files (x86)/cypress/psoc creator/4.2/psoc creator/import/gnu/arm/5.4.1/bin/../lib/gcc/arm-none-eabi/5.4.1/armv6-m/crtbegin.o
 *(SORT(.fini_array.*))
                0x00002054                __fini_array_end = .
                0x00002054                . = ALIGN (0x4)
 *crtbegin.o(.ctors)
 *(EXCLUDE_FILE(*crtend.o) .ctors)
 *(SORT(.ctors.*))
 *crtend.o(.ctors)
                0x00002054                . = ALIGN (0x4)
 *crtbegin.o(.dtors)
 *(EXCLUDE_FILE(*crtend.o) .dtors)
 *(SORT(.dtors.*))
 *crtend.o(.dtors)
                0x00002054                . = ALIGN (0x4)
                0x00002054                __cy_regions = .
                0x00002054        0x4 LONG 0x2068 __cy_region_init_ram
                0x00002058        0x4 LONG 0x200000c0 __cy_region_start_data
                0x0000205c        0x4 LONG 0xa8 __cy_region_init_size_ram
                0x00002060        0x4 LONG 0x88 __cy_region_zero_size_ram
                0x00002064                __cy_regions_end = .
                0x00002068                . = ALIGN (0x8)
 *fill*         0x00002064        0x4 
                0x00002068                _etext = .

.cy_checksum_exclude
                0x00002068        0x0
 *(.cy_checksum_exclude)

.ramvectors     0x20000000       0xc0
                0x20000000                __cy_region_start_ram = .
 *(.ramvectors)
 .ramvectors    0x20000000       0xc0 .\CortexM0\ARM_GCC_541\Debug\Cm0Start.o
                0x20000000                CyRamVectors

.noinit
 *(.noinit)

.data           0x200000c0       0xa8 load address 0x00002068
                0x200000c0                __cy_region_start_data = .
 *(.jcr)
 .jcr           0x200000c0        0x0 c:/program files (x86)/cypress/psoc creator/4.2/psoc creator/import/gnu/arm/5.4.1/bin/../lib/gcc/arm-none-eabi/5.4.1/armv6-m/crtbegin.o
 .jcr           0x200000c0        0x4 c:/program files (x86)/cypress/psoc creator/4.2/psoc creator/import/gnu/arm/5.4.1/bin/../lib/gcc/arm-none-eabi/5.4.1/armv6-m/crtend.o
 *(.got.plt)
 *(.got)
 *(.shdata)
 *(.data .data.* .gnu.linkonce.d.*)
 .data          0x200000c4       0x15 .\CortexM0\ARM_GCC_541\Debug\lcd_status_rotor.o
                0x200000c4                str_stop
                0x200000cc                str_forward
                0x200000d4                str_back
 *fill*         0x200000d9        0x3 
 .data          0x200000dc        0x8 .\CortexM0\ARM_GCC_541\Debug\algorithm.o
                0x200000dc                stage_rotor
 .data          0x200000e4        0x4 .\CortexM0\ARM_GCC_541\Debug\Cm0Start.o
 .data          0x200000e8       0x14 .\CortexM0\ARM_GCC_541\Debug\Lab5.a(CyLib.o)
                0x200000e8                CySysClkPumpConfig
                0x200000ec                cydelay32kMs
                0x200000f0                cydelayFreqKhz
                0x200000f4                cydelayFreqMhz
                0x200000f8                cydelayFreqHz
 .data          0x200000fc        0x8 .\CortexM0\ARM_GCC_541\Debug\Lab5.a(CyLFClk.o)
 .data.impure_data
                0x20000104       0x60 c:/program files (x86)/cypress/psoc creator/4.2/psoc creator/import/gnu/arm/5.4.1/bin/../lib/gcc/arm-none-eabi/5.4.1/../../../../arm-none-eabi/lib/armv6-m\libg_nano.a(lib_a-impure.o)
 .data._impure_ptr
                0x20000164        0x4 c:/program files (x86)/cypress/psoc creator/4.2/psoc creator/import/gnu/arm/5.4.1/bin/../lib/gcc/arm-none-eabi/5.4.1/../../../../arm-none-eabi/lib/armv6-m\libg_nano.a(lib_a-impure.o)
                0x20000164                _impure_ptr
                0x20000168                . = ALIGN (0x8)
 *(.ram)
                0x20000168                _edata = .

.igot.plt       0x20000168        0x0 load address 0x00002110
 .igot.plt      0x20000168        0x0 c:/program files (x86)/cypress/psoc creator/4.2/psoc creator/import/gnu/arm/5.4.1/bin/../lib/gcc/arm-none-eabi/5.4.1/armv6-m/crtbegin.o

.bss            0x20000168       0x88 load address 0x00002110
                0x20000168                PROVIDE (__bss_start__, .)
 *(.shbss)
 *(.bss .bss.* .gnu.linkonce.b.*)
 .bss           0x20000168       0x1c c:/program files (x86)/cypress/psoc creator/4.2/psoc creator/import/gnu/arm/5.4.1/bin/../lib/gcc/arm-none-eabi/5.4.1/armv6-m/crtbegin.o
 .bss           0x20000184       0x25 .\CortexM0\ARM_GCC_541\Debug\lcd_status_rotor.o
 .bss           0x200001a9        0x4 .\CortexM0\ARM_GCC_541\Debug\algorithm.o
                0x200001a9                time
                0x200001aa                direction
                0x200001ab                speed
                0x200001ac                value_PWM
 *fill*         0x200001ad        0x3 
 .bss           0x200001b0       0x28 .\CortexM0\ARM_GCC_541\Debug\Lab5.a(CyLFClk.o)
 .bss           0x200001d8        0x1 .\CortexM0\ARM_GCC_541\Debug\Lab5.a(Timer.o)
                0x200001d8                Timer_initVar
 .bss           0x200001d9        0x2 .\CortexM0\ARM_GCC_541\Debug\Lab5.a(LCD.o)
                0x200001d9                LCD_enableState
                0x200001da                LCD_initVar
 .bss           0x200001db        0x1 .\CortexM0\ARM_GCC_541\Debug\Lab5.a(QuadDec.o)
                0x200001db                QuadDec_initVar
 .bss           0x200001dc        0x1 .\CortexM0\ARM_GCC_541\Debug\Lab5.a(PWM.o)
                0x200001dc                PWM_initVar
 *fill*         0x200001dd        0x3 
 .bss.__malloc_sbrk_start
                0x200001e0        0x4 c:/program files (x86)/cypress/psoc creator/4.2/psoc creator/import/gnu/arm/5.4.1/bin/../lib/gcc/arm-none-eabi/5.4.1/../../../../arm-none-eabi/lib/armv6-m\libg_nano.a(lib_a-nano-mallocr.o)
                0x200001e0                __malloc_sbrk_start
 .bss.__malloc_free_list
                0x200001e4        0x4 c:/program files (x86)/cypress/psoc creator/4.2/psoc creator/import/gnu/arm/5.4.1/bin/../lib/gcc/arm-none-eabi/5.4.1/../../../../arm-none-eabi/lib/armv6-m\libg_nano.a(lib_a-nano-mallocr.o)
                0x200001e4                __malloc_free_list
 *(COMMON)
 COMMON         0x200001e8        0x4 c:/program files (x86)/cypress/psoc creator/4.2/psoc creator/import/gnu/arm/5.4.1/bin/../lib/gcc/arm-none-eabi/5.4.1/../../../../arm-none-eabi/lib/armv6-m\libg_nano.a(lib_a-reent.o)
                0x200001e8                errno
                0x200001f0                . = ALIGN (0x8)
 *fill*         0x200001ec        0x4 
 *(.ram.b)
                0x200001f0                _end = .
                0x200001f0                __end = .
                0x200001f0                PROVIDE (end, .)
                0x200001f0                PROVIDE (__bss_end__, .)
                0x00002068                __cy_region_init_ram = LOADADDR (.data)
                0x000000a8                __cy_region_init_size_ram = (_edata - ADDR (.data))
                0x00000088                __cy_region_zero_size_ram = (_end - _edata)

.heap           0x200001f0       0x80 load address 0x00002110
                0x200001f0                . = _end
                0x20000270                . = (. + 0x80)
 *fill*         0x200001f0       0x80 
                0x20000270                __cy_heap_limit = .

.stack          0x20003800      0x800
                0x20003800                __cy_stack_limit = .
                0x20004000                . = (. + 0x800)
 *fill*         0x20003800      0x800 
                0x00000001                ASSERT ((__cy_stack_limit >= __cy_heap_limit), region RAM overflowed with stack)
                0x00000000                cy_checksum_exclude_size = (CY_APPL_LOADABLE == 0x1)?SIZEOF (.cy_checksum_exclude):0x0
                0x00000001                ASSERT ((cy_checksum_exclude_size <= CY_CHECKSUM_EXCLUDE_SIZE), CY_BOOT: Section .cy_checksum_exclude size exceedes specified limit.)
                0x0001ffc0                cyloadermeta_start = (cy_project_type_bootloader || cy_project_type_app_for_stack_and_copier)?(LENGTH (rom) - CY_METADATA_SIZE):0xf0000000

.cyloadermeta
 *(.cyloadermeta)
                0x0001ffc0                cyloadablemeta_start = cy_project_type_app_for_stack_and_copier?((LENGTH (rom) - CY_FLASH_ROW_SIZE) - CY_METADATA_SIZE):((LENGTH (rom) - (CY_FLASH_ROW_SIZE * (CY_APPL_NUM - 0x1))) - CY_METADATA_SIZE)

.cyloadablemeta
 *(.cyloadablemeta)

.cyflashprotect
                0x90400000       0x80
 *(.cyflashprotect)
 .cyflashprotect
                0x90400000       0x80 .\CortexM0\ARM_GCC_541\Debug\cymetadata.o
                0x90400000                cy_meta_flashprotect

.cymeta         0x90500000        0xc
 *(.cymeta)
 .cymeta        0x90500000        0xc .\CortexM0\ARM_GCC_541\Debug\cymetadata.o
                0x90500000                cy_metadata

.cychipprotect  0x90600000        0x1
 *(.cychipprotect)
 .cychipprotect
                0x90600000        0x1 .\CortexM0\ARM_GCC_541\Debug\cymetadata.o
                0x90600000                cy_meta_chipprotect

.rel.dyn        0x00002110        0x0 load address 0x90600004
 .rel.iplt      0x00002110        0x0 c:/program files (x86)/cypress/psoc creator/4.2/psoc creator/import/gnu/arm/5.4.1/bin/../lib/gcc/arm-none-eabi/5.4.1/armv6-m/crtbegin.o

.stab
 *(.stab)

.stabstr
 *(.stabstr)

.debug
 *(.debug)

.line
 *(.line)

.debug_srcinfo
 *(.debug_srcinfo)

.debug_sfnames
 *(.debug_sfnames)

.debug_aranges  0x00000000      0xee8
 *(.debug_aranges)
 .debug_aranges
                0x00000000       0x28 .\CortexM0\ARM_GCC_541\Debug\lcd_status_rotor.o
 .debug_aranges
                0x00000028       0x68 .\CortexM0\ARM_GCC_541\Debug\algorithm.o
 .debug_aranges
                0x00000090       0x60 .\CortexM0\ARM_GCC_541\Debug\stage_rotor.o
 .debug_aranges
                0x000000f0       0x20 .\CortexM0\ARM_GCC_541\Debug\main.o
 .debug_aranges
                0x00000110       0x40 .\CortexM0\ARM_GCC_541\Debug\cyfitter_cfg.o
 .debug_aranges
                0x00000150       0x18 .\CortexM0\ARM_GCC_541\Debug\cymetadata.o
 .debug_aranges
                0x00000168       0x48 .\CortexM0\ARM_GCC_541\Debug\Cm0Start.o
 .debug_aranges
                0x000001b0       0x48 .\CortexM0\ARM_GCC_541\Debug\Lab5.a(Pin_1.o)
 .debug_aranges
                0x000001f8       0x48 .\CortexM0\ARM_GCC_541\Debug\Lab5.a(Pin_2.o)
 .debug_aranges
                0x00000240      0x1c8 .\CortexM0\ARM_GCC_541\Debug\Lab5.a(CyLib.o)
 .debug_aranges
                0x00000408      0x188 .\CortexM0\ARM_GCC_541\Debug\Lab5.a(CyLFClk.o)
 .debug_aranges
                0x00000590       0x48 .\CortexM0\ARM_GCC_541\Debug\Lab5.a(SW_4.o)
 .debug_aranges
                0x000005d8       0x48 .\CortexM0\ARM_GCC_541\Debug\Lab5.a(SW_3.o)
 .debug_aranges
                0x00000620       0x48 .\CortexM0\ARM_GCC_541\Debug\Lab5.a(SW_1.o)
 .debug_aranges
                0x00000668       0x48 .\CortexM0\ARM_GCC_541\Debug\Lab5.a(SW_2.o)
 .debug_aranges
                0x000006b0      0x158 .\CortexM0\ARM_GCC_541\Debug\Lab5.a(Timer.o)
 .debug_aranges
                0x00000808       0x80 .\CortexM0\ARM_GCC_541\Debug\Lab5.a(Timer_Int.o)
 .debug_aranges
                0x00000888       0x98 .\CortexM0\ARM_GCC_541\Debug\Lab5.a(LCD.o)
 .debug_aranges
                0x00000920      0x158 .\CortexM0\ARM_GCC_541\Debug\Lab5.a(QuadDec.o)
 .debug_aranges
                0x00000a78       0x80 .\CortexM0\ARM_GCC_541\Debug\Lab5.a(SW_Int_1.o)
 .debug_aranges
                0x00000af8       0x80 .\CortexM0\ARM_GCC_541\Debug\Lab5.a(SW_Int_2.o)
 .debug_aranges
                0x00000b78       0x80 .\CortexM0\ARM_GCC_541\Debug\Lab5.a(SW_Int_3.o)
 .debug_aranges
                0x00000bf8       0x80 .\CortexM0\ARM_GCC_541\Debug\Lab5.a(SW_Int_4.o)
 .debug_aranges
                0x00000c78       0x48 .\CortexM0\ARM_GCC_541\Debug\Lab5.a(Pin_3.o)
 .debug_aranges
                0x00000cc0       0x48 .\CortexM0\ARM_GCC_541\Debug\Lab5.a(Pin_4.o)
 .debug_aranges
                0x00000d08      0x158 .\CortexM0\ARM_GCC_541\Debug\Lab5.a(PWM.o)
 .debug_aranges
                0x00000e60       0x28 .\CortexM0\ARM_GCC_541\Debug\Lab5.a(Rotor.o)
 .debug_aranges
                0x00000e88       0x20 .\CortexM0\ARM_GCC_541\Debug\Lab5.a(CyBootAsmGnu.o)
 .debug_aranges
                0x00000ea8       0x40 .\CortexM0\ARM_GCC_541\Debug\Lab5.a(CyFlash.o)

.debug_pubnames
 *(.debug_pubnames)

.debug_info     0x00000000     0x742d
 *(.debug_info .gnu.linkonce.wi.*)
 .debug_info    0x00000000      0x296 .\CortexM0\ARM_GCC_541\Debug\lcd_status_rotor.o
 .debug_info    0x00000296      0x49d .\CortexM0\ARM_GCC_541\Debug\algorithm.o
 .debug_info    0x00000733      0x322 .\CortexM0\ARM_GCC_541\Debug\stage_rotor.o
 .debug_info    0x00000a55      0x13d .\CortexM0\ARM_GCC_541\Debug\main.o
 .debug_info    0x00000b92      0x3bc .\CortexM0\ARM_GCC_541\Debug\cyfitter_cfg.o
 .debug_info    0x00000f4e       0xf8 .\CortexM0\ARM_GCC_541\Debug\cymetadata.o
 .debug_info    0x00001046      0x3a2 .\CortexM0\ARM_GCC_541\Debug\Cm0Start.o
 .debug_info    0x000013e8      0x19d .\CortexM0\ARM_GCC_541\Debug\Lab5.a(Pin_1.o)
 .debug_info    0x00001585      0x19d .\CortexM0\ARM_GCC_541\Debug\Lab5.a(Pin_2.o)
 .debug_info    0x00001722      0xd3f .\CortexM0\ARM_GCC_541\Debug\Lab5.a(CyLib.o)
 .debug_info    0x00002461     0x1058 .\CortexM0\ARM_GCC_541\Debug\Lab5.a(CyLFClk.o)
 .debug_info    0x000034b9      0x19d .\CortexM0\ARM_GCC_541\Debug\Lab5.a(SW_4.o)
 .debug_info    0x00003656      0x19d .\CortexM0\ARM_GCC_541\Debug\Lab5.a(SW_3.o)
 .debug_info    0x000037f3      0x19d .\CortexM0\ARM_GCC_541\Debug\Lab5.a(SW_1.o)
 .debug_info    0x00003990      0x19d .\CortexM0\ARM_GCC_541\Debug\Lab5.a(SW_2.o)
 .debug_info    0x00003b2d      0x8f6 .\CortexM0\ARM_GCC_541\Debug\Lab5.a(Timer.o)
 .debug_info    0x00004423      0x305 .\CortexM0\ARM_GCC_541\Debug\Lab5.a(Timer_Int.o)
 .debug_info    0x00004728      0x721 .\CortexM0\ARM_GCC_541\Debug\Lab5.a(LCD.o)
 .debug_info    0x00004e49      0x90b .\CortexM0\ARM_GCC_541\Debug\Lab5.a(QuadDec.o)
 .debug_info    0x00005754      0x305 .\CortexM0\ARM_GCC_541\Debug\Lab5.a(SW_Int_1.o)
 .debug_info    0x00005a59      0x305 .\CortexM0\ARM_GCC_541\Debug\Lab5.a(SW_Int_2.o)
 .debug_info    0x00005d5e      0x305 .\CortexM0\ARM_GCC_541\Debug\Lab5.a(SW_Int_3.o)
 .debug_info    0x00006063      0x305 .\CortexM0\ARM_GCC_541\Debug\Lab5.a(SW_Int_4.o)
 .debug_info    0x00006368      0x19d .\CortexM0\ARM_GCC_541\Debug\Lab5.a(Pin_3.o)
 .debug_info    0x00006505      0x19d .\CortexM0\ARM_GCC_541\Debug\Lab5.a(Pin_4.o)
 .debug_info    0x000066a2      0x909 .\CortexM0\ARM_GCC_541\Debug\Lab5.a(PWM.o)
 .debug_info    0x00006fab       0xd6 .\CortexM0\ARM_GCC_541\Debug\Lab5.a(Rotor.o)
 .debug_info    0x00007081       0x5c .\CortexM0\ARM_GCC_541\Debug\Lab5.a(CyBootAsmGnu.o)
 .debug_info    0x000070dd      0x350 .\CortexM0\ARM_GCC_541\Debug\Lab5.a(CyFlash.o)

.debug_abbrev   0x00000000     0x2092
 *(.debug_abbrev)
 .debug_abbrev  0x00000000       0xe1 .\CortexM0\ARM_GCC_541\Debug\lcd_status_rotor.o
 .debug_abbrev  0x000000e1      0x116 .\CortexM0\ARM_GCC_541\Debug\algorithm.o
 .debug_abbrev  0x000001f7       0xbb .\CortexM0\ARM_GCC_541\Debug\stage_rotor.o
 .debug_abbrev  0x000002b2       0x88 .\CortexM0\ARM_GCC_541\Debug\main.o
 .debug_abbrev  0x0000033a      0x1af .\CortexM0\ARM_GCC_541\Debug\cyfitter_cfg.o
 .debug_abbrev  0x000004e9       0x5d .\CortexM0\ARM_GCC_541\Debug\cymetadata.o
 .debug_abbrev  0x00000546      0x1d7 .\CortexM0\ARM_GCC_541\Debug\Cm0Start.o
 .debug_abbrev  0x0000071d       0xc8 .\CortexM0\ARM_GCC_541\Debug\Lab5.a(Pin_1.o)
 .debug_abbrev  0x000007e5       0xc8 .\CortexM0\ARM_GCC_541\Debug\Lab5.a(Pin_2.o)
 .debug_abbrev  0x000008ad      0x218 .\CortexM0\ARM_GCC_541\Debug\Lab5.a(CyLib.o)
 .debug_abbrev  0x00000ac5      0x248 .\CortexM0\ARM_GCC_541\Debug\Lab5.a(CyLFClk.o)
 .debug_abbrev  0x00000d0d       0xc8 .\CortexM0\ARM_GCC_541\Debug\Lab5.a(SW_4.o)
 .debug_abbrev  0x00000dd5       0xc8 .\CortexM0\ARM_GCC_541\Debug\Lab5.a(SW_3.o)
 .debug_abbrev  0x00000e9d       0xc8 .\CortexM0\ARM_GCC_541\Debug\Lab5.a(SW_1.o)
 .debug_abbrev  0x00000f65       0xc8 .\CortexM0\ARM_GCC_541\Debug\Lab5.a(SW_2.o)
 .debug_abbrev  0x0000102d      0x119 .\CortexM0\ARM_GCC_541\Debug\Lab5.a(Timer.o)
 .debug_abbrev  0x00001146      0x19a .\CortexM0\ARM_GCC_541\Debug\Lab5.a(Timer_Int.o)
 .debug_abbrev  0x000012e0      0x171 .\CortexM0\ARM_GCC_541\Debug\Lab5.a(LCD.o)
 .debug_abbrev  0x00001451      0x119 .\CortexM0\ARM_GCC_541\Debug\Lab5.a(QuadDec.o)
 .debug_abbrev  0x0000156a      0x19a .\CortexM0\ARM_GCC_541\Debug\Lab5.a(SW_Int_1.o)
 .debug_abbrev  0x00001704      0x19a .\CortexM0\ARM_GCC_541\Debug\Lab5.a(SW_Int_2.o)
 .debug_abbrev  0x0000189e      0x19a .\CortexM0\ARM_GCC_541\Debug\Lab5.a(SW_Int_3.o)
 .debug_abbrev  0x00001a38      0x19a .\CortexM0\ARM_GCC_541\Debug\Lab5.a(SW_Int_4.o)
 .debug_abbrev  0x00001bd2       0xc8 .\CortexM0\ARM_GCC_541\Debug\Lab5.a(Pin_3.o)
 .debug_abbrev  0x00001c9a       0xc8 .\CortexM0\ARM_GCC_541\Debug\Lab5.a(Pin_4.o)
 .debug_abbrev  0x00001d62      0x119 .\CortexM0\ARM_GCC_541\Debug\Lab5.a(PWM.o)
 .debug_abbrev  0x00001e7b       0x81 .\CortexM0\ARM_GCC_541\Debug\Lab5.a(Rotor.o)
 .debug_abbrev  0x00001efc       0x14 .\CortexM0\ARM_GCC_541\Debug\Lab5.a(CyBootAsmGnu.o)
 .debug_abbrev  0x00001f10      0x182 .\CortexM0\ARM_GCC_541\Debug\Lab5.a(CyFlash.o)

.debug_line     0x00000000     0x2f90
 *(.debug_line)
 .debug_line    0x00000000      0x100 .\CortexM0\ARM_GCC_541\Debug\lcd_status_rotor.o
 .debug_line    0x00000100      0x1bc .\CortexM0\ARM_GCC_541\Debug\algorithm.o
 .debug_line    0x000002bc      0x109 .\CortexM0\ARM_GCC_541\Debug\stage_rotor.o
 .debug_line    0x000003c5       0x71 .\CortexM0\ARM_GCC_541\Debug\main.o
 .debug_line    0x00000436      0x190 .\CortexM0\ARM_GCC_541\Debug\cyfitter_cfg.o
 .debug_line    0x000005c6      0x141 .\CortexM0\ARM_GCC_541\Debug\cymetadata.o
 .debug_line    0x00000707      0x236 .\CortexM0\ARM_GCC_541\Debug\Cm0Start.o
 .debug_line    0x0000093d       0xbd .\CortexM0\ARM_GCC_541\Debug\Lab5.a(Pin_1.o)
 .debug_line    0x000009fa       0xbd .\CortexM0\ARM_GCC_541\Debug\Lab5.a(Pin_2.o)
 .debug_line    0x00000ab7      0x563 .\CortexM0\ARM_GCC_541\Debug\Lab5.a(CyLib.o)
 .debug_line    0x0000101a      0x5d1 .\CortexM0\ARM_GCC_541\Debug\Lab5.a(CyLFClk.o)
 .debug_line    0x000015eb       0xbc .\CortexM0\ARM_GCC_541\Debug\Lab5.a(SW_4.o)
 .debug_line    0x000016a7       0xbc .\CortexM0\ARM_GCC_541\Debug\Lab5.a(SW_3.o)
 .debug_line    0x00001763       0xbc .\CortexM0\ARM_GCC_541\Debug\Lab5.a(SW_1.o)
 .debug_line    0x0000181f       0xbc .\CortexM0\ARM_GCC_541\Debug\Lab5.a(SW_2.o)
 .debug_line    0x000018db      0x379 .\CortexM0\ARM_GCC_541\Debug\Lab5.a(Timer.o)
 .debug_line    0x00001c54      0x155 .\CortexM0\ARM_GCC_541\Debug\Lab5.a(Timer_Int.o)
 .debug_line    0x00001da9      0x1e6 .\CortexM0\ARM_GCC_541\Debug\Lab5.a(LCD.o)
 .debug_line    0x00001f8f      0x376 .\CortexM0\ARM_GCC_541\Debug\Lab5.a(QuadDec.o)
 .debug_line    0x00002305      0x150 .\CortexM0\ARM_GCC_541\Debug\Lab5.a(SW_Int_1.o)
 .debug_line    0x00002455      0x154 .\CortexM0\ARM_GCC_541\Debug\Lab5.a(SW_Int_2.o)
 .debug_line    0x000025a9      0x154 .\CortexM0\ARM_GCC_541\Debug\Lab5.a(SW_Int_3.o)
 .debug_line    0x000026fd      0x154 .\CortexM0\ARM_GCC_541\Debug\Lab5.a(SW_Int_4.o)
 .debug_line    0x00002851       0xbd .\CortexM0\ARM_GCC_541\Debug\Lab5.a(Pin_3.o)
 .debug_line    0x0000290e       0xbd .\CortexM0\ARM_GCC_541\Debug\Lab5.a(Pin_4.o)
 .debug_line    0x000029cb      0x37c .\CortexM0\ARM_GCC_541\Debug\Lab5.a(PWM.o)
 .debug_line    0x00002d47       0x6e .\CortexM0\ARM_GCC_541\Debug\Lab5.a(Rotor.o)
 .debug_line    0x00002db5       0x68 .\CortexM0\ARM_GCC_541\Debug\Lab5.a(CyBootAsmGnu.o)
 .debug_line    0x00002e1d      0x173 .\CortexM0\ARM_GCC_541\Debug\Lab5.a(CyFlash.o)

.debug_frame    0x00000000     0x27f8
 *(.debug_frame)
 .debug_frame   0x00000000       0x4c .\CortexM0\ARM_GCC_541\Debug\lcd_status_rotor.o
 .debug_frame   0x0000004c      0x12c .\CortexM0\ARM_GCC_541\Debug\algorithm.o
 .debug_frame   0x00000178      0x110 .\CortexM0\ARM_GCC_541\Debug\stage_rotor.o
 .debug_frame   0x00000288       0x2c .\CortexM0\ARM_GCC_541\Debug\main.o
 .debug_frame   0x000002b4       0x98 .\CortexM0\ARM_GCC_541\Debug\cyfitter_cfg.o
 .debug_frame   0x0000034c       0xbc .\CortexM0\ARM_GCC_541\Debug\Cm0Start.o
 .debug_frame   0x00000408       0x70 .\CortexM0\ARM_GCC_541\Debug\Lab5.a(Pin_1.o)
 .debug_frame   0x00000478       0x70 .\CortexM0\ARM_GCC_541\Debug\Lab5.a(Pin_2.o)
 .debug_frame   0x000004e8      0x48c .\CortexM0\ARM_GCC_541\Debug\Lab5.a(CyLib.o)
 .debug_frame   0x00000974      0x4a4 .\CortexM0\ARM_GCC_541\Debug\Lab5.a(CyLFClk.o)
 .debug_frame   0x00000e18       0x70 .\CortexM0\ARM_GCC_541\Debug\Lab5.a(SW_4.o)
 .debug_frame   0x00000e88       0x70 .\CortexM0\ARM_GCC_541\Debug\Lab5.a(SW_3.o)
 .debug_frame   0x00000ef8       0x70 .\CortexM0\ARM_GCC_541\Debug\Lab5.a(SW_1.o)
 .debug_frame   0x00000f68       0x70 .\CortexM0\ARM_GCC_541\Debug\Lab5.a(SW_2.o)
 .debug_frame   0x00000fd8      0x3a0 .\CortexM0\ARM_GCC_541\Debug\Lab5.a(Timer.o)
 .debug_frame   0x00001378      0x110 .\CortexM0\ARM_GCC_541\Debug\Lab5.a(Timer_Int.o)
 .debug_frame   0x00001488      0x1f0 .\CortexM0\ARM_GCC_541\Debug\Lab5.a(LCD.o)
 .debug_frame   0x00001678      0x3a0 .\CortexM0\ARM_GCC_541\Debug\Lab5.a(QuadDec.o)
 .debug_frame   0x00001a18      0x110 .\CortexM0\ARM_GCC_541\Debug\Lab5.a(SW_Int_1.o)
 .debug_frame   0x00001b28      0x110 .\CortexM0\ARM_GCC_541\Debug\Lab5.a(SW_Int_2.o)
 .debug_frame   0x00001c38      0x110 .\CortexM0\ARM_GCC_541\Debug\Lab5.a(SW_Int_3.o)
 .debug_frame   0x00001d48      0x110 .\CortexM0\ARM_GCC_541\Debug\Lab5.a(SW_Int_4.o)
 .debug_frame   0x00001e58       0x70 .\CortexM0\ARM_GCC_541\Debug\Lab5.a(Pin_3.o)
 .debug_frame   0x00001ec8       0x70 .\CortexM0\ARM_GCC_541\Debug\Lab5.a(Pin_4.o)
 .debug_frame   0x00001f38      0x3a0 .\CortexM0\ARM_GCC_541\Debug\Lab5.a(PWM.o)
 .debug_frame   0x000022d8       0x30 .\CortexM0\ARM_GCC_541\Debug\Lab5.a(Rotor.o)
 .debug_frame   0x00002308       0x90 .\CortexM0\ARM_GCC_541\Debug\Lab5.a(CyFlash.o)
 .debug_frame   0x00002398       0x20 c:/program files (x86)/cypress/psoc creator/4.2/psoc creator/import/gnu/arm/5.4.1/bin/../lib/gcc/arm-none-eabi/5.4.1/armv6-m\libgcc.a(_udivsi3.o)
 .debug_frame   0x000023b8       0x20 c:/program files (x86)/cypress/psoc creator/4.2/psoc creator/import/gnu/arm/5.4.1/bin/../lib/gcc/arm-none-eabi/5.4.1/armv6-m\libgcc.a(_divsi3.o)
 .debug_frame   0x000023d8       0x2c c:/program files (x86)/cypress/psoc creator/4.2/psoc creator/import/gnu/arm/5.4.1/bin/../lib/gcc/arm-none-eabi/5.4.1/armv6-m\libgcc.a(eqsf2.o)
 .debug_frame   0x00002404       0x30 c:/program files (x86)/cypress/psoc creator/4.2/psoc creator/import/gnu/arm/5.4.1/bin/../lib/gcc/arm-none-eabi/5.4.1/armv6-m\libgcc.a(gesf2.o)
 .debug_frame   0x00002434       0x30 c:/program files (x86)/cypress/psoc creator/4.2/psoc creator/import/gnu/arm/5.4.1/bin/../lib/gcc/arm-none-eabi/5.4.1/armv6-m\libgcc.a(lesf2.o)
 .debug_frame   0x00002464       0x2c c:/program files (x86)/cypress/psoc creator/4.2/psoc creator/import/gnu/arm/5.4.1/bin/../lib/gcc/arm-none-eabi/5.4.1/armv6-m\libgcc.a(floatsisf.o)
 .debug_frame   0x00002490       0x20 c:/program files (x86)/cypress/psoc creator/4.2/psoc creator/import/gnu/arm/5.4.1/bin/../lib/gcc/arm-none-eabi/5.4.1/../../../../arm-none-eabi/lib/armv6-m\libg_nano.a(lib_a-errno.o)
 .debug_frame   0x000024b0       0x28 c:/program files (x86)/cypress/psoc creator/4.2/psoc creator/import/gnu/arm/5.4.1/bin/../lib/gcc/arm-none-eabi/5.4.1/../../../../arm-none-eabi/lib/armv6-m\libg_nano.a(lib_a-exit.o)
 .debug_frame   0x000024d8       0x2c c:/program files (x86)/cypress/psoc creator/4.2/psoc creator/import/gnu/arm/5.4.1/bin/../lib/gcc/arm-none-eabi/5.4.1/../../../../arm-none-eabi/lib/armv6-m\libg_nano.a(lib_a-init.o)
 .debug_frame   0x00002504       0x28 c:/program files (x86)/cypress/psoc creator/4.2/psoc creator/import/gnu/arm/5.4.1/bin/../lib/gcc/arm-none-eabi/5.4.1/../../../../arm-none-eabi/lib/armv6-m\libg_nano.a(lib_a-memcpy-stub.o)
 .debug_frame   0x0000252c       0x20 c:/program files (x86)/cypress/psoc creator/4.2/psoc creator/import/gnu/arm/5.4.1/bin/../lib/gcc/arm-none-eabi/5.4.1/../../../../arm-none-eabi/lib/armv6-m\libg_nano.a(lib_a-memset.o)
 .debug_frame   0x0000254c       0x50 c:/program files (x86)/cypress/psoc creator/4.2/psoc creator/import/gnu/arm/5.4.1/bin/../lib/gcc/arm-none-eabi/5.4.1/../../../../arm-none-eabi/lib/armv6-m\libg_nano.a(lib_a-sprintf.o)
 .debug_frame   0x0000259c       0x74 c:/program files (x86)/cypress/psoc creator/4.2/psoc creator/import/gnu/arm/5.4.1/bin/../lib/gcc/arm-none-eabi/5.4.1/../../../../arm-none-eabi/lib/armv6-m\libg_nano.a(lib_a-nano-svfprintf.o)
 .debug_frame   0x00002610       0x54 c:/program files (x86)/cypress/psoc creator/4.2/psoc creator/import/gnu/arm/5.4.1/bin/../lib/gcc/arm-none-eabi/5.4.1/../../../../arm-none-eabi/lib/armv6-m\libg_nano.a(lib_a-nano-vfprintf_i.o)
 .debug_frame   0x00002664       0x20 c:/program files (x86)/cypress/psoc creator/4.2/psoc creator/import/gnu/arm/5.4.1/bin/../lib/gcc/arm-none-eabi/5.4.1/../../../../arm-none-eabi/lib/armv6-m\libg_nano.a(lib_a-memchr-stub.o)
 .debug_frame   0x00002684       0x28 c:/program files (x86)/cypress/psoc creator/4.2/psoc creator/import/gnu/arm/5.4.1/bin/../lib/gcc/arm-none-eabi/5.4.1/../../../../arm-none-eabi/lib/armv6-m\libg_nano.a(lib_a-memmove.o)
 .debug_frame   0x000026ac       0x2c c:/program files (x86)/cypress/psoc creator/4.2/psoc creator/import/gnu/arm/5.4.1/bin/../lib/gcc/arm-none-eabi/5.4.1/../../../../arm-none-eabi/lib/armv6-m\libg_nano.a(lib_a-nano-freer.o)
 .debug_frame   0x000026d8       0x2c c:/program files (x86)/cypress/psoc creator/4.2/psoc creator/import/gnu/arm/5.4.1/bin/../lib/gcc/arm-none-eabi/5.4.1/../../../../arm-none-eabi/lib/armv6-m\libg_nano.a(lib_a-nano-mallocr.o)
 .debug_frame   0x00002704       0x30 c:/program files (x86)/cypress/psoc creator/4.2/psoc creator/import/gnu/arm/5.4.1/bin/../lib/gcc/arm-none-eabi/5.4.1/../../../../arm-none-eabi/lib/armv6-m\libg_nano.a(lib_a-nano-reallocr.o)
 .debug_frame   0x00002734       0x2c c:/program files (x86)/cypress/psoc creator/4.2/psoc creator/import/gnu/arm/5.4.1/bin/../lib/gcc/arm-none-eabi/5.4.1/../../../../arm-none-eabi/lib/armv6-m\libg_nano.a(lib_a-sbrkr.o)
 .debug_frame   0x00002760       0x30 c:/program files (x86)/cypress/psoc creator/4.2/psoc creator/import/gnu/arm/5.4.1/bin/../lib/gcc/arm-none-eabi/5.4.1/../../../../arm-none-eabi/lib/armv6-m\libg_nano.a(lib_a-mlock.o)
 .debug_frame   0x00002790       0x20 c:/program files (x86)/cypress/psoc creator/4.2/psoc creator/import/gnu/arm/5.4.1/bin/../lib/gcc/arm-none-eabi/5.4.1/../../../../arm-none-eabi/lib/armv6-m\libg_nano.a(lib_a-nano-msizer.o)
 .debug_frame   0x000027b0       0x48 c:/program files (x86)/cypress/psoc creator/4.2/psoc creator/import/gnu/arm/5.4.1/bin/../lib/gcc/arm-none-eabi/5.4.1/../../../../arm-none-eabi/lib/armv6-m\libg_nano.a(lib_a-reent.o)

.debug_str      0x00000000     0x2969
 *(.debug_str)
 .debug_str     0x00000000      0x1b8 .\CortexM0\ARM_GCC_541\Debug\lcd_status_rotor.o
                                0x202 (size before relaxing)
 .debug_str     0x000001b8      0x297 .\CortexM0\ARM_GCC_541\Debug\algorithm.o
                                0x3fe (size before relaxing)
 .debug_str     0x0000044f       0xa7 .\CortexM0\ARM_GCC_541\Debug\stage_rotor.o
                                0x1ee (size before relaxing)
 .debug_str     0x000004f6       0x16 .\CortexM0\ARM_GCC_541\Debug\main.o
                                0x1a0 (size before relaxing)
 .debug_str     0x0000050c      0x12b .\CortexM0\ARM_GCC_541\Debug\cyfitter_cfg.o
                                0x2a2 (size before relaxing)
 .debug_str     0x00000637       0x63 .\CortexM0\ARM_GCC_541\Debug\cymetadata.o
                                0x194 (size before relaxing)
 .debug_str     0x0000069a      0x135 .\CortexM0\ARM_GCC_541\Debug\Cm0Start.o
                                0x2cd (size before relaxing)
 .debug_str     0x000007cf       0xa4 .\CortexM0\ARM_GCC_541\Debug\Lab5.a(Pin_1.o)
                                0x202 (size before relaxing)
 .debug_str     0x00000873       0x7b .\CortexM0\ARM_GCC_541\Debug\Lab5.a(Pin_2.o)
                                0x202 (size before relaxing)
 .debug_str     0x000008ee      0x611 .\CortexM0\ARM_GCC_541\Debug\Lab5.a(CyLib.o)
                                0x7c9 (size before relaxing)
 .debug_str     0x00000eff      0x6eb .\CortexM0\ARM_GCC_541\Debug\Lab5.a(CyLFClk.o)
                                0x8e9 (size before relaxing)
 .debug_str     0x000015ea       0x6c .\CortexM0\ARM_GCC_541\Debug\Lab5.a(SW_4.o)
                                0x1fb (size before relaxing)
 .debug_str     0x00001656       0x6c .\CortexM0\ARM_GCC_541\Debug\Lab5.a(SW_3.o)
                                0x1fb (size before relaxing)
 .debug_str     0x000016c2       0x6c .\CortexM0\ARM_GCC_541\Debug\Lab5.a(SW_1.o)
                                0x1fb (size before relaxing)
 .debug_str     0x0000172e       0x6c .\CortexM0\ARM_GCC_541\Debug\Lab5.a(SW_2.o)
                                0x1fb (size before relaxing)
 .debug_str     0x0000179a      0x3b3 .\CortexM0\ARM_GCC_541\Debug\Lab5.a(Timer.o)
                                0x57d (size before relaxing)
 .debug_str     0x00001b4d      0x11b .\CortexM0\ARM_GCC_541\Debug\Lab5.a(Timer_Int.o)
                                0x2ee (size before relaxing)
 .debug_str     0x00001c68      0x13a .\CortexM0\ARM_GCC_541\Debug\Lab5.a(LCD.o)
                                0x2f8 (size before relaxing)
 .debug_str     0x00001da2      0x344 .\CortexM0\ARM_GCC_541\Debug\Lab5.a(QuadDec.o)
                                0x5d1 (size before relaxing)
 .debug_str     0x000020e6       0xff .\CortexM0\ARM_GCC_541\Debug\Lab5.a(SW_Int_1.o)
                                0x2e0 (size before relaxing)
 .debug_str     0x000021e5       0xff .\CortexM0\ARM_GCC_541\Debug\Lab5.a(SW_Int_2.o)
                                0x2e0 (size before relaxing)
 .debug_str     0x000022e4       0xff .\CortexM0\ARM_GCC_541\Debug\Lab5.a(SW_Int_3.o)
                                0x2e0 (size before relaxing)
 .debug_str     0x000023e3       0xff .\CortexM0\ARM_GCC_541\Debug\Lab5.a(SW_Int_4.o)
                                0x2e0 (size before relaxing)
 .debug_str     0x000024e2       0x7b .\CortexM0\ARM_GCC_541\Debug\Lab5.a(Pin_3.o)
                                0x202 (size before relaxing)
 .debug_str     0x0000255d       0x7b .\CortexM0\ARM_GCC_541\Debug\Lab5.a(Pin_4.o)
                                0x202 (size before relaxing)
 .debug_str     0x000025d8      0x2b8 .\CortexM0\ARM_GCC_541\Debug\Lab5.a(PWM.o)
                                0x529 (size before relaxing)
 .debug_str     0x00002890       0x32 .\CortexM0\ARM_GCC_541\Debug\Lab5.a(Rotor.o)
                                0x17b (size before relaxing)
 .debug_str     0x000028c2       0xa7 .\CortexM0\ARM_GCC_541\Debug\Lab5.a(CyFlash.o)
                                0x27c (size before relaxing)

.debug_loc      0x00000000     0x35e7
 *(.debug_loc)
 .debug_loc     0x00000000       0x2c .\CortexM0\ARM_GCC_541\Debug\lcd_status_rotor.o
 .debug_loc     0x0000002c       0x2a .\CortexM0\ARM_GCC_541\Debug\algorithm.o
 .debug_loc     0x00000056       0xa5 .\CortexM0\ARM_GCC_541\Debug\stage_rotor.o
 .debug_loc     0x000000fb      0x118 .\CortexM0\ARM_GCC_541\Debug\cyfitter_cfg.o
 .debug_loc     0x00000213      0x14f .\CortexM0\ARM_GCC_541\Debug\Cm0Start.o
 .debug_loc     0x00000362       0xa2 .\CortexM0\ARM_GCC_541\Debug\Lab5.a(Pin_1.o)
 .debug_loc     0x00000404       0xa2 .\CortexM0\ARM_GCC_541\Debug\Lab5.a(Pin_2.o)
 .debug_loc     0x000004a6      0x81c .\CortexM0\ARM_GCC_541\Debug\Lab5.a(CyLib.o)
 .debug_loc     0x00000cc2      0xdb7 .\CortexM0\ARM_GCC_541\Debug\Lab5.a(CyLFClk.o)
 .debug_loc     0x00001a79       0xa2 .\CortexM0\ARM_GCC_541\Debug\Lab5.a(SW_4.o)
 .debug_loc     0x00001b1b       0xa2 .\CortexM0\ARM_GCC_541\Debug\Lab5.a(SW_3.o)
 .debug_loc     0x00001bbd       0xa2 .\CortexM0\ARM_GCC_541\Debug\Lab5.a(SW_1.o)
 .debug_loc     0x00001c5f       0xa2 .\CortexM0\ARM_GCC_541\Debug\Lab5.a(SW_2.o)
 .debug_loc     0x00001d01      0x547 .\CortexM0\ARM_GCC_541\Debug\Lab5.a(Timer.o)
 .debug_loc     0x00002248       0x82 .\CortexM0\ARM_GCC_541\Debug\Lab5.a(Timer_Int.o)
 .debug_loc     0x000022ca      0x3e3 .\CortexM0\ARM_GCC_541\Debug\Lab5.a(LCD.o)
 .debug_loc     0x000026ad      0x547 .\CortexM0\ARM_GCC_541\Debug\Lab5.a(QuadDec.o)
 .debug_loc     0x00002bf4       0x82 .\CortexM0\ARM_GCC_541\Debug\Lab5.a(SW_Int_1.o)
 .debug_loc     0x00002c76       0x82 .\CortexM0\ARM_GCC_541\Debug\Lab5.a(SW_Int_2.o)
 .debug_loc     0x00002cf8       0x82 .\CortexM0\ARM_GCC_541\Debug\Lab5.a(SW_Int_3.o)
 .debug_loc     0x00002d7a       0x82 .\CortexM0\ARM_GCC_541\Debug\Lab5.a(SW_Int_4.o)
 .debug_loc     0x00002dfc       0xa2 .\CortexM0\ARM_GCC_541\Debug\Lab5.a(Pin_3.o)
 .debug_loc     0x00002e9e       0xa2 .\CortexM0\ARM_GCC_541\Debug\Lab5.a(Pin_4.o)
 .debug_loc     0x00002f40      0x547 .\CortexM0\ARM_GCC_541\Debug\Lab5.a(PWM.o)
 .debug_loc     0x00003487      0x160 .\CortexM0\ARM_GCC_541\Debug\Lab5.a(CyFlash.o)

.debug_macinfo
 *(.debug_macinfo)

.debug_ranges   0x00000000      0xd00
 *(.debug_ranges)
 .debug_ranges  0x00000000       0x18 .\CortexM0\ARM_GCC_541\Debug\lcd_status_rotor.o
 .debug_ranges  0x00000018       0x58 .\CortexM0\ARM_GCC_541\Debug\algorithm.o
 .debug_ranges  0x00000070       0x50 .\CortexM0\ARM_GCC_541\Debug\stage_rotor.o
 .debug_ranges  0x000000c0       0x10 .\CortexM0\ARM_GCC_541\Debug\main.o
 .debug_ranges  0x000000d0       0x30 .\CortexM0\ARM_GCC_541\Debug\cyfitter_cfg.o
 .debug_ranges  0x00000100       0x38 .\CortexM0\ARM_GCC_541\Debug\Cm0Start.o
 .debug_ranges  0x00000138       0x38 .\CortexM0\ARM_GCC_541\Debug\Lab5.a(Pin_1.o)
 .debug_ranges  0x00000170       0x38 .\CortexM0\ARM_GCC_541\Debug\Lab5.a(Pin_2.o)
 .debug_ranges  0x000001a8      0x1b8 .\CortexM0\ARM_GCC_541\Debug\Lab5.a(CyLib.o)
 .debug_ranges  0x00000360      0x178 .\CortexM0\ARM_GCC_541\Debug\Lab5.a(CyLFClk.o)
 .debug_ranges  0x000004d8       0x38 .\CortexM0\ARM_GCC_541\Debug\Lab5.a(SW_4.o)
 .debug_ranges  0x00000510       0x38 .\CortexM0\ARM_GCC_541\Debug\Lab5.a(SW_3.o)
 .debug_ranges  0x00000548       0x38 .\CortexM0\ARM_GCC_541\Debug\Lab5.a(SW_1.o)
 .debug_ranges  0x00000580       0x38 .\CortexM0\ARM_GCC_541\Debug\Lab5.a(SW_2.o)
 .debug_ranges  0x000005b8      0x148 .\CortexM0\ARM_GCC_541\Debug\Lab5.a(Timer.o)
 .debug_ranges  0x00000700       0x70 .\CortexM0\ARM_GCC_541\Debug\Lab5.a(Timer_Int.o)
 .debug_ranges  0x00000770       0x88 .\CortexM0\ARM_GCC_541\Debug\Lab5.a(LCD.o)
 .debug_ranges  0x000007f8      0x148 .\CortexM0\ARM_GCC_541\Debug\Lab5.a(QuadDec.o)
 .debug_ranges  0x00000940       0x70 .\CortexM0\ARM_GCC_541\Debug\Lab5.a(SW_Int_1.o)
 .debug_ranges  0x000009b0       0x70 .\CortexM0\ARM_GCC_541\Debug\Lab5.a(SW_Int_2.o)
 .debug_ranges  0x00000a20       0x70 .\CortexM0\ARM_GCC_541\Debug\Lab5.a(SW_Int_3.o)
 .debug_ranges  0x00000a90       0x70 .\CortexM0\ARM_GCC_541\Debug\Lab5.a(SW_Int_4.o)
 .debug_ranges  0x00000b00       0x38 .\CortexM0\ARM_GCC_541\Debug\Lab5.a(Pin_3.o)
 .debug_ranges  0x00000b38       0x38 .\CortexM0\ARM_GCC_541\Debug\Lab5.a(Pin_4.o)
 .debug_ranges  0x00000b70      0x148 .\CortexM0\ARM_GCC_541\Debug\Lab5.a(PWM.o)
 .debug_ranges  0x00000cb8       0x18 .\CortexM0\ARM_GCC_541\Debug\Lab5.a(Rotor.o)
 .debug_ranges  0x00000cd0       0x30 .\CortexM0\ARM_GCC_541\Debug\Lab5.a(CyFlash.o)

.comment        0x00000000       0x6e
 .comment       0x00000000       0x6e .\CortexM0\ARM_GCC_541\Debug\lcd_status_rotor.o
                                 0x6f (size before relaxing)
 .comment       0x0000006e       0x6f .\CortexM0\ARM_GCC_541\Debug\algorithm.o
 .comment       0x0000006e       0x6f .\CortexM0\ARM_GCC_541\Debug\stage_rotor.o
 .comment       0x0000006e       0x6f .\CortexM0\ARM_GCC_541\Debug\main.o
 .comment       0x0000006e       0x6f .\CortexM0\ARM_GCC_541\Debug\cyfitter_cfg.o
 .comment       0x0000006e       0x6f .\CortexM0\ARM_GCC_541\Debug\cymetadata.o
 .comment       0x0000006e       0x6f .\CortexM0\ARM_GCC_541\Debug\Cm0Start.o
 .comment       0x0000006e       0x6f .\CortexM0\ARM_GCC_541\Debug\Lab5.a(Pin_1.o)
 .comment       0x0000006e       0x6f .\CortexM0\ARM_GCC_541\Debug\Lab5.a(Pin_2.o)
 .comment       0x0000006e       0x6f .\CortexM0\ARM_GCC_541\Debug\Lab5.a(CyLib.o)
 .comment       0x0000006e       0x6f .\CortexM0\ARM_GCC_541\Debug\Lab5.a(CyLFClk.o)
 .comment       0x0000006e       0x6f .\CortexM0\ARM_GCC_541\Debug\Lab5.a(SW_4.o)
 .comment       0x0000006e       0x6f .\CortexM0\ARM_GCC_541\Debug\Lab5.a(SW_3.o)
 .comment       0x0000006e       0x6f .\CortexM0\ARM_GCC_541\Debug\Lab5.a(SW_1.o)
 .comment       0x0000006e       0x6f .\CortexM0\ARM_GCC_541\Debug\Lab5.a(SW_2.o)
 .comment       0x0000006e       0x6f .\CortexM0\ARM_GCC_541\Debug\Lab5.a(Timer.o)
 .comment       0x0000006e       0x6f .\CortexM0\ARM_GCC_541\Debug\Lab5.a(Timer_Int.o)
 .comment       0x0000006e       0x6f .\CortexM0\ARM_GCC_541\Debug\Lab5.a(LCD.o)
 .comment       0x0000006e       0x6f .\CortexM0\ARM_GCC_541\Debug\Lab5.a(QuadDec.o)
 .comment       0x0000006e       0x6f .\CortexM0\ARM_GCC_541\Debug\Lab5.a(SW_Int_1.o)
 .comment       0x0000006e       0x6f .\CortexM0\ARM_GCC_541\Debug\Lab5.a(SW_Int_2.o)
 .comment       0x0000006e       0x6f .\CortexM0\ARM_GCC_541\Debug\Lab5.a(SW_Int_3.o)
 .comment       0x0000006e       0x6f .\CortexM0\ARM_GCC_541\Debug\Lab5.a(SW_Int_4.o)
 .comment       0x0000006e       0x6f .\CortexM0\ARM_GCC_541\Debug\Lab5.a(Pin_3.o)
 .comment       0x0000006e       0x6f .\CortexM0\ARM_GCC_541\Debug\Lab5.a(Pin_4.o)
 .comment       0x0000006e       0x6f .\CortexM0\ARM_GCC_541\Debug\Lab5.a(PWM.o)
 .comment       0x0000006e       0x6f .\CortexM0\ARM_GCC_541\Debug\Lab5.a(Rotor.o)
 .comment       0x0000006e       0x6f .\CortexM0\ARM_GCC_541\Debug\Lab5.a(CyFlash.o)

.debug_weaknames
 *(.debug_weaknames)

.debug_funcnames
 *(.debug_funcnames)

.debug_typenames
 *(.debug_typenames)

.debug_varnames
 *(.debug_varnames)

.note.gnu.arm.ident
 *(.note.gnu.arm.ident)

.ARM.attributes
                0x00000000       0x28
 *(.ARM.attributes)
 .ARM.attributes
                0x00000000       0x1e c:/program files (x86)/cypress/psoc creator/4.2/psoc creator/import/gnu/arm/5.4.1/bin/../lib/gcc/arm-none-eabi/5.4.1/armv6-m/crti.o
 .ARM.attributes
                0x0000001e       0x2c c:/program files (x86)/cypress/psoc creator/4.2/psoc creator/import/gnu/arm/5.4.1/bin/../lib/gcc/arm-none-eabi/5.4.1/armv6-m/crtbegin.o
 .ARM.attributes
                0x0000004a       0x1b c:/program files (x86)/cypress/psoc creator/4.2/psoc creator/import/gnu/arm/5.4.1/bin/../lib/gcc/arm-none-eabi/5.4.1/../../../../arm-none-eabi/lib/armv6-m/crt0.o
 .ARM.attributes
                0x00000065       0x31 .\CortexM0\ARM_GCC_541\Debug\lcd_status_rotor.o
 .ARM.attributes
                0x00000096       0x31 .\CortexM0\ARM_GCC_541\Debug\algorithm.o
 .ARM.attributes
                0x000000c7       0x31 .\CortexM0\ARM_GCC_541\Debug\stage_rotor.o
 .ARM.attributes
                0x000000f8       0x31 .\CortexM0\ARM_GCC_541\Debug\main.o
 .ARM.attributes
                0x00000129       0x31 .\CortexM0\ARM_GCC_541\Debug\cyfitter_cfg.o
 .ARM.attributes
                0x0000015a       0x31 .\CortexM0\ARM_GCC_541\Debug\cymetadata.o
 .ARM.attributes
                0x0000018b       0x31 .\CortexM0\ARM_GCC_541\Debug\Cm0Start.o
 .ARM.attributes
                0x000001bc       0x31 .\CortexM0\ARM_GCC_541\Debug\Lab5.a(Pin_1.o)
 .ARM.attributes
                0x000001ed       0x31 .\CortexM0\ARM_GCC_541\Debug\Lab5.a(Pin_2.o)
 .ARM.attributes
                0x0000021e       0x31 .\CortexM0\ARM_GCC_541\Debug\Lab5.a(CyLib.o)
 .ARM.attributes
                0x0000024f       0x31 .\CortexM0\ARM_GCC_541\Debug\Lab5.a(CyLFClk.o)
 .ARM.attributes
                0x00000280       0x31 .\CortexM0\ARM_GCC_541\Debug\Lab5.a(SW_4.o)
 .ARM.attributes
                0x000002b1       0x31 .\CortexM0\ARM_GCC_541\Debug\Lab5.a(SW_3.o)
 .ARM.attributes
                0x000002e2       0x31 .\CortexM0\ARM_GCC_541\Debug\Lab5.a(SW_1.o)
 .ARM.attributes
                0x00000313       0x31 .\CortexM0\ARM_GCC_541\Debug\Lab5.a(SW_2.o)
 .ARM.attributes
                0x00000344       0x31 .\CortexM0\ARM_GCC_541\Debug\Lab5.a(Timer.o)
 .ARM.attributes
                0x00000375       0x31 .\CortexM0\ARM_GCC_541\Debug\Lab5.a(Timer_Int.o)
 .ARM.attributes
                0x000003a6       0x31 .\CortexM0\ARM_GCC_541\Debug\Lab5.a(LCD.o)
 .ARM.attributes
                0x000003d7       0x31 .\CortexM0\ARM_GCC_541\Debug\Lab5.a(QuadDec.o)
 .ARM.attributes
                0x00000408       0x31 .\CortexM0\ARM_GCC_541\Debug\Lab5.a(SW_Int_1.o)
 .ARM.attributes
                0x00000439       0x31 .\CortexM0\ARM_GCC_541\Debug\Lab5.a(SW_Int_2.o)
 .ARM.attributes
                0x0000046a       0x31 .\CortexM0\ARM_GCC_541\Debug\Lab5.a(SW_Int_3.o)
 .ARM.attributes
                0x0000049b       0x31 .\CortexM0\ARM_GCC_541\Debug\Lab5.a(SW_Int_4.o)
 .ARM.attributes
                0x000004cc       0x31 .\CortexM0\ARM_GCC_541\Debug\Lab5.a(Pin_3.o)
 .ARM.attributes
                0x000004fd       0x31 .\CortexM0\ARM_GCC_541\Debug\Lab5.a(Pin_4.o)
 .ARM.attributes
                0x0000052e       0x31 .\CortexM0\ARM_GCC_541\Debug\Lab5.a(PWM.o)
 .ARM.attributes
                0x0000055f       0x31 .\CortexM0\ARM_GCC_541\Debug\Lab5.a(Rotor.o)
 .ARM.attributes
                0x00000590       0x21 .\CortexM0\ARM_GCC_541\Debug\Lab5.a(CyBootAsmGnu.o)
 .ARM.attributes
                0x000005b1       0x31 .\CortexM0\ARM_GCC_541\Debug\Lab5.a(CyFlash.o)
 .ARM.attributes
                0x000005e2       0x1e c:/program files (x86)/cypress/psoc creator/4.2/psoc creator/import/gnu/arm/5.4.1/bin/../lib/gcc/arm-none-eabi/5.4.1/armv6-m\libgcc.a(_udivsi3.o)
 .ARM.attributes
                0x00000600       0x1e c:/program files (x86)/cypress/psoc creator/4.2/psoc creator/import/gnu/arm/5.4.1/bin/../lib/gcc/arm-none-eabi/5.4.1/armv6-m\libgcc.a(_divsi3.o)
 .ARM.attributes
                0x0000061e       0x1e c:/program files (x86)/cypress/psoc creator/4.2/psoc creator/import/gnu/arm/5.4.1/bin/../lib/gcc/arm-none-eabi/5.4.1/armv6-m\libgcc.a(_dvmd_tls.o)
 .ARM.attributes
                0x0000063c       0x1e c:/program files (x86)/cypress/psoc creator/4.2/psoc creator/import/gnu/arm/5.4.1/bin/../lib/gcc/arm-none-eabi/5.4.1/armv6-m\libgcc.a(_arm_cmpsf2.o)
 .ARM.attributes
                0x0000065a       0x2c c:/program files (x86)/cypress/psoc creator/4.2/psoc creator/import/gnu/arm/5.4.1/bin/../lib/gcc/arm-none-eabi/5.4.1/armv6-m\libgcc.a(eqsf2.o)
 .ARM.attributes
                0x00000686       0x2c c:/program files (x86)/cypress/psoc creator/4.2/psoc creator/import/gnu/arm/5.4.1/bin/../lib/gcc/arm-none-eabi/5.4.1/armv6-m\libgcc.a(gesf2.o)
 .ARM.attributes
                0x000006b2       0x2c c:/program files (x86)/cypress/psoc creator/4.2/psoc creator/import/gnu/arm/5.4.1/bin/../lib/gcc/arm-none-eabi/5.4.1/armv6-m\libgcc.a(lesf2.o)
 .ARM.attributes
                0x000006de       0x2c c:/program files (x86)/cypress/psoc creator/4.2/psoc creator/import/gnu/arm/5.4.1/bin/../lib/gcc/arm-none-eabi/5.4.1/armv6-m\libgcc.a(floatsisf.o)
 .ARM.attributes
                0x0000070a       0x1e c:/program files (x86)/cypress/psoc creator/4.2/psoc creator/import/gnu/arm/5.4.1/bin/../lib/gcc/arm-none-eabi/5.4.1/armv6-m\libgcc.a(_clzsi2.o)
 .ARM.attributes
                0x00000728       0x2c c:/program files (x86)/cypress/psoc creator/4.2/psoc creator/import/gnu/arm/5.4.1/bin/../lib/gcc/arm-none-eabi/5.4.1/../../../../arm-none-eabi/lib/armv6-m\libg_nano.a(lib_a-errno.o)
 .ARM.attributes
                0x00000754       0x2c c:/program files (x86)/cypress/psoc creator/4.2/psoc creator/import/gnu/arm/5.4.1/bin/../lib/gcc/arm-none-eabi/5.4.1/../../../../arm-none-eabi/lib/armv6-m\libg_nano.a(lib_a-exit.o)
 .ARM.attributes
                0x00000780       0x2c c:/program files (x86)/cypress/psoc creator/4.2/psoc creator/import/gnu/arm/5.4.1/bin/../lib/gcc/arm-none-eabi/5.4.1/../../../../arm-none-eabi/lib/armv6-m\libg_nano.a(lib_a-impure.o)
 .ARM.attributes
                0x000007ac       0x2c c:/program files (x86)/cypress/psoc creator/4.2/psoc creator/import/gnu/arm/5.4.1/bin/../lib/gcc/arm-none-eabi/5.4.1/../../../../arm-none-eabi/lib/armv6-m\libg_nano.a(lib_a-init.o)
 .ARM.attributes
                0x000007d8       0x2c c:/program files (x86)/cypress/psoc creator/4.2/psoc creator/import/gnu/arm/5.4.1/bin/../lib/gcc/arm-none-eabi/5.4.1/../../../../arm-none-eabi/lib/armv6-m\libg_nano.a(lib_a-memcpy-stub.o)
 .ARM.attributes
                0x00000804       0x2c c:/program files (x86)/cypress/psoc creator/4.2/psoc creator/import/gnu/arm/5.4.1/bin/../lib/gcc/arm-none-eabi/5.4.1/../../../../arm-none-eabi/lib/armv6-m\libg_nano.a(lib_a-memset.o)
 .ARM.attributes
                0x00000830       0x2c c:/program files (x86)/cypress/psoc creator/4.2/psoc creator/import/gnu/arm/5.4.1/bin/../lib/gcc/arm-none-eabi/5.4.1/../../../../arm-none-eabi/lib/armv6-m\libg_nano.a(lib_a-sprintf.o)
 .ARM.attributes
                0x0000085c       0x2c c:/program files (x86)/cypress/psoc creator/4.2/psoc creator/import/gnu/arm/5.4.1/bin/../lib/gcc/arm-none-eabi/5.4.1/../../../../arm-none-eabi/lib/armv6-m\libg_nano.a(lib_a-nano-svfprintf.o)
 .ARM.attributes
                0x00000888       0x2c c:/program files (x86)/cypress/psoc creator/4.2/psoc creator/import/gnu/arm/5.4.1/bin/../lib/gcc/arm-none-eabi/5.4.1/../../../../arm-none-eabi/lib/armv6-m\libg_nano.a(lib_a-nano-vfprintf_i.o)
 .ARM.attributes
                0x000008b4       0x2c c:/program files (x86)/cypress/psoc creator/4.2/psoc creator/import/gnu/arm/5.4.1/bin/../lib/gcc/arm-none-eabi/5.4.1/../../../../arm-none-eabi/lib/armv6-m\libg_nano.a(lib_a-memchr-stub.o)
 .ARM.attributes
                0x000008e0       0x2c c:/program files (x86)/cypress/psoc creator/4.2/psoc creator/import/gnu/arm/5.4.1/bin/../lib/gcc/arm-none-eabi/5.4.1/../../../../arm-none-eabi/lib/armv6-m\libg_nano.a(lib_a-memmove.o)
 .ARM.attributes
                0x0000090c       0x2c c:/program files (x86)/cypress/psoc creator/4.2/psoc creator/import/gnu/arm/5.4.1/bin/../lib/gcc/arm-none-eabi/5.4.1/../../../../arm-none-eabi/lib/armv6-m\libg_nano.a(lib_a-nano-freer.o)
 .ARM.attributes
                0x00000938       0x2c c:/program files (x86)/cypress/psoc creator/4.2/psoc creator/import/gnu/arm/5.4.1/bin/../lib/gcc/arm-none-eabi/5.4.1/../../../../arm-none-eabi/lib/armv6-m\libg_nano.a(lib_a-nano-mallocr.o)
 .ARM.attributes
                0x00000964       0x2c c:/program files (x86)/cypress/psoc creator/4.2/psoc creator/import/gnu/arm/5.4.1/bin/../lib/gcc/arm-none-eabi/5.4.1/../../../../arm-none-eabi/lib/armv6-m\libg_nano.a(lib_a-nano-reallocr.o)
 .ARM.attributes
                0x00000990       0x2c c:/program files (x86)/cypress/psoc creator/4.2/psoc creator/import/gnu/arm/5.4.1/bin/../lib/gcc/arm-none-eabi/5.4.1/../../../../arm-none-eabi/lib/armv6-m\libg_nano.a(lib_a-sbrkr.o)
 .ARM.attributes
                0x000009bc       0x2c c:/program files (x86)/cypress/psoc creator/4.2/psoc creator/import/gnu/arm/5.4.1/bin/../lib/gcc/arm-none-eabi/5.4.1/../../../../arm-none-eabi/lib/armv6-m\libg_nano.a(lib_a-mlock.o)
 .ARM.attributes
                0x000009e8       0x2c c:/program files (x86)/cypress/psoc creator/4.2/psoc creator/import/gnu/arm/5.4.1/bin/../lib/gcc/arm-none-eabi/5.4.1/../../../../arm-none-eabi/lib/armv6-m\libg_nano.a(lib_a-nano-msizer.o)
 .ARM.attributes
                0x00000a14       0x2c c:/program files (x86)/cypress/psoc creator/4.2/psoc creator/import/gnu/arm/5.4.1/bin/../lib/gcc/arm-none-eabi/5.4.1/../../../../arm-none-eabi/lib/armv6-m\libg_nano.a(lib_a-reent.o)
 .ARM.attributes
                0x00000a40       0x2c c:/program files (x86)/cypress/psoc creator/4.2/psoc creator/import/gnu/arm/5.4.1/bin/../lib/gcc/arm-none-eabi/5.4.1/armv6-m/crtend.o
 .ARM.attributes
                0x00000a6c       0x1e c:/program files (x86)/cypress/psoc creator/4.2/psoc creator/import/gnu/arm/5.4.1/bin/../lib/gcc/arm-none-eabi/5.4.1/armv6-m/crtn.o

/DISCARD/
 *(.note.GNU-stack)
OUTPUT(D:\Lab5.cydsn\CortexM0\ARM_GCC_541\Debug\Lab5.elf elf32-littlearm)
